Archive member included to satisfy reference by file (symbol)

c:/progra~2/gnuarm~1/102021~1.10/bin/../lib/gcc/arm-none-eabi/10.3.1/thumb/v7e-m/nofp\libgcc.a(_arm_mulsf3.o)
                              CMakeFiles/MD.elf.dir/Core/Src/PID.c.obj (__aeabi_fmul)
c:/progra~2/gnuarm~1/102021~1.10/bin/../lib/gcc/arm-none-eabi/10.3.1/thumb/v7e-m/nofp\libgcc.a(_arm_addsubsf3.o)
                              CMakeFiles/MD.elf.dir/Core/Src/PID.c.obj (__aeabi_fsub)
c:/progra~2/gnuarm~1/102021~1.10/bin/../lib/gcc/arm-none-eabi/10.3.1/thumb/v7e-m/nofp\libgcc.a(_arm_muldivsf3.o)
                              CMakeFiles/MD.elf.dir/Core/Src/PID.c.obj (__aeabi_fdiv)
c:/progra~2/gnuarm~1/102021~1.10/bin/../lib/gcc/arm-none-eabi/10.3.1/thumb/v7e-m/nofp\libgcc.a(_arm_fixsfsi.o)
                              CMakeFiles/MD.elf.dir/Core/Src/PID.c.obj (__aeabi_f2iz)
c:/progra~2/gnuarm~1/102021~1.10/bin/../lib/gcc/arm-none-eabi/10.3.1/thumb/v7e-m/nofp\libgcc.a(_aeabi_uldivmod.o)
                              CMakeFiles/MD.elf.dir/Drivers/STM32G4xx_HAL_Driver/Src/stm32g4xx_hal_uart.c.obj (__aeabi_uldivmod)
c:/progra~2/gnuarm~1/102021~1.10/bin/../lib/gcc/arm-none-eabi/10.3.1/thumb/v7e-m/nofp\libgcc.a(_udivmoddi4.o)
                              c:/progra~2/gnuarm~1/102021~1.10/bin/../lib/gcc/arm-none-eabi/10.3.1/thumb/v7e-m/nofp\libgcc.a(_aeabi_uldivmod.o) (__udivmoddi4)
c:/progra~2/gnuarm~1/102021~1.10/bin/../lib/gcc/arm-none-eabi/10.3.1/thumb/v7e-m/nofp\libgcc.a(_dvmd_tls.o)
                              c:/progra~2/gnuarm~1/102021~1.10/bin/../lib/gcc/arm-none-eabi/10.3.1/thumb/v7e-m/nofp\libgcc.a(_aeabi_uldivmod.o) (__aeabi_ldiv0)
c:/progra~2/gnuarm~1/102021~1.10/bin/../lib/gcc/arm-none-eabi/10.3.1/../../../../arm-none-eabi/lib/thumb/v7e-m/nofp\libg.a(lib_a-errno.o)
                              CMakeFiles/MD.elf.dir/Core/Src/syscalls.c.obj (__errno)
c:/progra~2/gnuarm~1/102021~1.10/bin/../lib/gcc/arm-none-eabi/10.3.1/../../../../arm-none-eabi/lib/thumb/v7e-m/nofp\libg.a(lib_a-exit.o)
                              c:/progra~2/gnuarm~1/102021~1.10/bin/../lib/gcc/arm-none-eabi/10.3.1/../../../../arm-none-eabi/lib/thumb/v7e-m/nofp/crt0.o (exit)
c:/progra~2/gnuarm~1/102021~1.10/bin/../lib/gcc/arm-none-eabi/10.3.1/../../../../arm-none-eabi/lib/thumb/v7e-m/nofp\libg.a(lib_a-impure.o)
                              c:/progra~2/gnuarm~1/102021~1.10/bin/../lib/gcc/arm-none-eabi/10.3.1/../../../../arm-none-eabi/lib/thumb/v7e-m/nofp\libg.a(lib_a-exit.o) (_global_impure_ptr)
c:/progra~2/gnuarm~1/102021~1.10/bin/../lib/gcc/arm-none-eabi/10.3.1/../../../../arm-none-eabi/lib/thumb/v7e-m/nofp\libg.a(lib_a-init.o)
                              c:/progra~2/gnuarm~1/102021~1.10/bin/../lib/gcc/arm-none-eabi/10.3.1/../../../../arm-none-eabi/lib/thumb/v7e-m/nofp/crt0.o (__libc_init_array)
c:/progra~2/gnuarm~1/102021~1.10/bin/../lib/gcc/arm-none-eabi/10.3.1/../../../../arm-none-eabi/lib/thumb/v7e-m/nofp\libg.a(lib_a-memset.o)
                              c:/progra~2/gnuarm~1/102021~1.10/bin/../lib/gcc/arm-none-eabi/10.3.1/../../../../arm-none-eabi/lib/thumb/v7e-m/nofp/crt0.o (memset)
c:/progra~2/gnuarm~1/102021~1.10/bin/../lib/gcc/arm-none-eabi/10.3.1/../../../../arm-none-eabi/lib/thumb/v7e-m/nofp\libg.a(lib_a-printf.o)
                              CMakeFiles/MD.elf.dir/Core/Src/main.c.obj (printf)
c:/progra~2/gnuarm~1/102021~1.10/bin/../lib/gcc/arm-none-eabi/10.3.1/../../../../arm-none-eabi/lib/thumb/v7e-m/nofp\libg.a(lib_a-puts.o)
                              CMakeFiles/MD.elf.dir/Core/Src/main.c.obj (puts)
c:/progra~2/gnuarm~1/102021~1.10/bin/../lib/gcc/arm-none-eabi/10.3.1/../../../../arm-none-eabi/lib/thumb/v7e-m/nofp\libg.a(lib_a-setbuf.o)
                              CMakeFiles/MD.elf.dir/Core/Src/main.c.obj (setbuf)
c:/progra~2/gnuarm~1/102021~1.10/bin/../lib/gcc/arm-none-eabi/10.3.1/../../../../arm-none-eabi/lib/thumb/v7e-m/nofp\libg.a(lib_a-setvbuf.o)
                              c:/progra~2/gnuarm~1/102021~1.10/bin/../lib/gcc/arm-none-eabi/10.3.1/../../../../arm-none-eabi/lib/thumb/v7e-m/nofp\libg.a(lib_a-setbuf.o) (setvbuf)
c:/progra~2/gnuarm~1/102021~1.10/bin/../lib/gcc/arm-none-eabi/10.3.1/../../../../arm-none-eabi/lib/thumb/v7e-m/nofp\libg.a(lib_a-strlen.o)
                              c:/progra~2/gnuarm~1/102021~1.10/bin/../lib/gcc/arm-none-eabi/10.3.1/../../../../arm-none-eabi/lib/thumb/v7e-m/nofp\libg.a(lib_a-puts.o) (strlen)
c:/progra~2/gnuarm~1/102021~1.10/bin/../lib/gcc/arm-none-eabi/10.3.1/../../../../arm-none-eabi/lib/thumb/v7e-m/nofp\libg.a(lib_a-vfprintf.o)
                              c:/progra~2/gnuarm~1/102021~1.10/bin/../lib/gcc/arm-none-eabi/10.3.1/../../../../arm-none-eabi/lib/thumb/v7e-m/nofp\libg.a(lib_a-printf.o) (_vfprintf_r)
c:/progra~2/gnuarm~1/102021~1.10/bin/../lib/gcc/arm-none-eabi/10.3.1/../../../../arm-none-eabi/lib/thumb/v7e-m/nofp\libg.a(lib_a-wsetup.o)
[...]
Memory Configuration

Name             Origin             Length             Attributes
RAM              0x20000000         0x00008000         xrw
FLASH            0x08000000         0x00020000         xr
*default*        0x00000000         0xffffffff

Linker script and memory map

LOAD c:/progra~2/gnuarm~1/102021~1.10/bin/../lib/gcc/arm-none-eabi/10.3.1/thumb/v7e-m/nofp/crti.o
LOAD c:/progra~2/gnuarm~1/102021~1.10/bin/../lib/gcc/arm-none-eabi/10.3.1/thumb/v7e-m/nofp/crtbegin.o
LOAD c:/progra~2/gnuarm~1/102021~1.10/bin/../lib/gcc/arm-none-eabi/10.3.1/../../../../arm-none-eabi/lib/thumb/v7e-m/nofp/crt0.o
LOAD CMakeFiles/MD.elf.dir/Core/Src/PID.c.obj
LOAD CMakeFiles/MD.elf.dir/Core/Src/main.c.obj
LOAD CMakeFiles/MD.elf.dir/Core/Src/stm32g4xx_hal_msp.c.obj
LOAD CMakeFiles/MD.elf.dir/Core/Src/stm32g4xx_hal_timebase_tim.c.obj
LOAD CMakeFiles/MD.elf.dir/Core/Src/stm32g4xx_it.c.obj
LOAD CMakeFiles/MD.elf.dir/Core/Src/syscalls.c.obj
LOAD CMakeFiles/MD.elf.dir/Core/Src/sysmem.c.obj
LOAD CMakeFiles/MD.elf.dir/Core/Src/system_stm32g4xx.c.obj
LOAD CMakeFiles/MD.elf.dir/Core/Startup/startup_stm32g431kbtx.s.obj
LOAD CMakeFiles/MD.elf.dir/Drivers/STM32G4xx_HAL_Driver/Src/stm32g4xx_hal.c.obj
LOAD CMakeFiles/MD.elf.dir/Drivers/STM32G4xx_HAL_Driver/Src/stm32g4xx_hal_cortex.c.obj
LOAD CMakeFiles/MD.elf.dir/Drivers/STM32G4xx_HAL_Driver/Src/stm32g4xx_hal_dma.c.obj
LOAD CMakeFiles/MD.elf.dir/Drivers/STM32G4xx_HAL_Driver/Src/stm32g4xx_hal_dma_ex.c.obj
LOAD CMakeFiles/MD.elf.dir/Drivers/STM32G4xx_HAL_Driver/Src/stm32g4xx_hal_exti.c.obj
LOAD CMakeFiles/MD.elf.dir/Drivers/STM32G4xx_HAL_Driver/Src/stm32g4xx_hal_flash.c.obj
LOAD CMakeFiles/MD.elf.dir/Drivers/STM32G4xx_HAL_Driver/Src/stm32g4xx_hal_flash_ex.c.obj
LOAD CMakeFiles/MD.elf.dir/Drivers/STM32G4xx_HAL_Driver/Src/stm32g4xx_hal_flash_ramfunc.c.obj
LOAD CMakeFiles/MD.elf.dir/Drivers/STM32G4xx_HAL_Driver/Src/stm32g4xx_hal_gpio.c.obj
LOAD CMakeFiles/MD.elf.dir/Drivers/STM32G4xx_HAL_Driver/Src/stm32g4xx_hal_pwr.c.obj
LOAD CMakeFiles/MD.elf.dir/Drivers/STM32G4xx_HAL_Driver/Src/stm32g4xx_hal_pwr_ex.c.obj
LOAD CMakeFiles/MD.elf.dir/Drivers/STM32G4xx_HAL_Driver/Src/stm32g4xx_hal_rcc.c.obj
LOAD CMakeFiles/MD.elf.dir/Drivers/STM32G4xx_HAL_Driver/Src/stm32g4xx_hal_rcc_ex.c.obj
LOAD CMakeFiles/MD.elf.dir/Drivers/STM32G4xx_HAL_Driver/Src/stm32g4xx_hal_tim.c.obj
LOAD CMakeFiles/MD.elf.dir/Drivers/STM32G4xx_HAL_Driver/Src/stm32g4xx_hal_tim_ex.c.obj
LOAD CMakeFiles/MD.elf.dir/Drivers/STM32G4xx_HAL_Driver/Src/stm32g4xx_hal_uart.c.obj
LOAD CMakeFiles/MD.elf.dir/Drivers/STM32G4xx_HAL_Driver/Src/stm32g4xx_hal_uart_ex.c.obj
START GROUP
LOAD c:/progra~2/gnuarm~1/102021~1.10/bin/../lib/gcc/arm-none-eabi/10.3.1/thumb/v7e-m/nofp\libgcc.a
LOAD c:/progra~2/gnuarm~1/102021~1.10/bin/../lib/gcc/arm-none-eabi/10.3.1/../../../../arm-none-eabi/lib/thumb/v7e-m/nofp\libg.a
LOAD c:/progra~2/gnuarm~1/102021~1.10/bin/../lib/gcc/arm-none-eabi/10.3.1/../../../../arm-none-eabi/lib/thumb/v7e-m/nofp\libc.a
END GROUP
LOAD c:/progra~2/gnuarm~1/102021~1.10/bin/../lib/gcc/arm-none-eabi/10.3.1/thumb/v7e-m/nofp/crtend.o
LOAD c:/progra~2/gnuarm~1/102021~1.10/bin/../lib/gcc/arm-none-eabi/10.3.1/thumb/v7e-m/nofp/crtn.o
                0x20008000                _estack = (ORIGIN (RAM) + LENGTH (RAM))
                0x00000200                _Min_Heap_Size = 0x200
                0x00000400                _Min_Stack_Size = 0x400

.isr_vector     0x08000000      0x1d8
                0x08000000                . = ALIGN (0x4)
 *(.isr_vector)
 .isr_vector    0x08000000      0x1d8 CMakeFiles/MD.elf.dir/Core/Startup/startup_stm32g431kbtx.s.obj
                0x08000000                g_pfnVectors
                0x080001d8                . = ALIGN (0x4)

.text           0x08000200     0x9de8
                0x08000200                . = ALIGN (0x4)
 *(.text)
 .text          0x08000200       0x40 c:/progra~2/gnuarm~1/102021~1.10/bin/../lib/gcc/arm-none-eabi/10.3.1/thumb/v7e-m/nofp/crtbegin.o
 .text          0x08000240       0x30 c:/progra~2/gnuarm~1/102021~1.10/bin/../lib/gcc/arm-none-eabi/10.3.1/thumb/v7e-m/nofp\libgcc.a(_aeabi_uldivmod.o)
                0x08000240                __aeabi_uldivmod
 .text          0x08000270      0x2d0 c:/progra~2/gnuarm~1/102021~1.10/bin/../lib/gcc/arm-none-eabi/10.3.1/thumb/v7e-m/nofp\libgcc.a(_udivmoddi4.o)
                0x08000270                __udivmoddi4
 .text          0x08000540        0x4 c:/progra~2/gnuarm~1/102021~1.10/bin/../lib/gcc/arm-none-eabi/10.3.1/thumb/v7e-m/nofp\libgcc.a(_dvmd_tls.o)
                0x08000540                __aeabi_idiv0
                0x08000540                __aeabi_ldiv0
 *fill*         0x08000544       0x3c 
 .text          0x08000580       0xdc c:/progra~2/gnuarm~1/102021~1.10/bin/../lib/gcc/arm-none-eabi/10.3.1/../../../../arm-none-eabi/lib/thumb/v7e-m/nofp\libg.a(lib_a-strlen.o)
                0x08000580                strlen
 *fill*         0x0800065c        0x4 
 .text          0x08000660       0xa0 c:/progra~2/gnuarm~1/102021~1.10/bin/../lib/gcc/arm-none-eabi/10.3.1/../../../../arm-none-eabi/lib/thumb/v7e-m/nofp\libg.a(lib_a-memchr.o)
                0x08000660                memchr
 .text          0x08000700      0x134 c:/progra~2/gnuarm~1/102021~1.10/bin/../lib/gcc/arm-none-eabi/10.3.1/../../../../arm-none-eabi/lib/thumb/v7e-m/nofp\libg.a(lib_a-memcpy.o)
                0x08000700                memcpy
 .text          0x08000834      0x378 c:/progra~2/gnuarm~1/102021~1.10/bin/../lib/gcc/arm-none-eabi/10.3.1/thumb/v7e-m/nofp\libgcc.a(_arm_addsubdf3.o)
                0x08000834                __aeabi_drsub
                0x0800083c                __aeabi_dsub
                0x0800083c                __subdf3
                0x08000840                __aeabi_dadd
                0x08000840                __adddf3
                0x08000ab8                __floatunsidf
                0x08000ab8                __aeabi_ui2d
                0x08000ad8                __floatsidf
                0x08000ad8                __aeabi_i2d
                0x08000afc                __aeabi_f2d
                0x08000afc                __extendsfdf2
                0x08000b40                __floatundidf
                0x08000b40                __aeabi_ul2d
                0x08000b50                __floatdidf
                0x08000b50                __aeabi_l2d
 .text          0x08000bac      0x424 c:/progra~2/gnuarm~1/102021~1.10/bin/../lib/gcc/arm-none-eabi/10.3.1/thumb/v7e-m/nofp\libgcc.a(_arm_muldivdf3.o)
                0x08000bac                __aeabi_dmul
                0x08000bac                __muldf3
                0x08000e00                __divdf3
                0x08000e00                __aeabi_ddiv
 .text          0x08000fd0      0x110 c:/progra~2/gnuarm~1/102021~1.10/bin/../lib/gcc/arm-none-eabi/10.3.1/thumb/v7e-m/nofp\libgcc.a(_arm_cmpdf2.o)
                0x08000fd0                __gtdf2
                0x08000fd0                __gedf2
                0x08000fd8                __ltdf2
                0x08000fd8                __ledf2
                0x08000fe0                __nedf2
                0x08000fe0                __eqdf2
                0x08000fe0                __cmpdf2
                0x0800105c                __aeabi_cdrcmple
                0x0800106c                __aeabi_cdcmpeq
                0x0800106c                __aeabi_cdcmple
                0x0800107c                __aeabi_dcmpeq
                0x08001090                __aeabi_dcmplt
                0x080010a4                __aeabi_dcmple
                0x080010b8                __aeabi_dcmpge
                0x080010cc                __aeabi_dcmpgt
 .text          0x080010e0       0x2c c:/progra~2/gnuarm~1/102021~1.10/bin/../lib/gcc/arm-none-eabi/10.3.1/thumb/v7e-m/nofp\libgcc.a(_arm_unorddf2.o)
                0x080010e0                __unorddf2
                0x080010e0                __aeabi_dcmpun
 .text          0x0800110c       0x50 c:/progra~2/gnuarm~1/102021~1.10/bin/../lib/gcc/arm-none-eabi/10.3.1/thumb/v7e-m/nofp\libgcc.a(_arm_fixdfsi.o)
                0x0800110c                __aeabi_d2iz
                0x0800110c                __fixdfsi
 *(.text*)
 .text.MX_GPIO_Init
                0x0800115c       0x8c CMakeFiles/MD.elf.dir/Core/Src/main.c.obj
 .text._write   0x080011e8       0x18 CMakeFiles/MD.elf.dir/Core/Src/main.c.obj
                0x080011e8                _write
 .text.HAL_GPIO_EXTI_Callback
                0x08001200       0x1c CMakeFiles/MD.elf.dir/Core/Src/main.c.obj
                0x08001200                HAL_GPIO_EXTI_Callback
 .text.HAL_TIM_PeriodElapsedCallback
                0x0800121c       0x18 CMakeFiles/MD.elf.dir/Core/Src/main.c.obj
                0x0800121c                HAL_TIM_PeriodElapsedCallback
 .text.Error_Handler
                0x08001234        0x4 CMakeFiles/MD.elf.dir/Core/Src/main.c.obj
                0x08001234                Error_Handler
 .text.MX_TIM1_Init
                0x08001238       0x68 CMakeFiles/MD.elf.dir/Core/Src/main.c.obj
 .text.MX_USART2_UART_Init
                0x080012a0       0x60 CMakeFiles/MD.elf.dir/Core/Src/main.c.obj
 .text.MX_TIM3_Init
                0x08001300       0xa8 CMakeFiles/MD.elf.dir/Core/Src/main.c.obj
 .text.MX_TIM2_Init
                0x080013a8       0x68 CMakeFiles/MD.elf.dir/Core/Src/main.c.obj
 .text.SystemClock_Config
                0x08001410       0x72 CMakeFiles/MD.elf.dir/Core/Src/main.c.obj
                0x08001410                SystemClock_Config
 *fill*         0x08001482        0x2 
 .text.main     0x08001484       0xc0 CMakeFiles/MD.elf.dir/Core/Src/main.c.obj
                0x08001484                main
 .text.HAL_MspInit
                0x08001544       0x30 CMakeFiles/MD.elf.dir/Core/Src/stm32g4xx_hal_msp.c.obj
                0x08001544                HAL_MspInit
 .text.HAL_TIM_Encoder_MspInit
                0x08001574       0x78 CMakeFiles/MD.elf.dir/Core/Src/stm32g4xx_hal_msp.c.obj
                0x08001574                HAL_TIM_Encoder_MspInit
 .text.HAL_TIM_Base_MspInit
                0x080015ec       0x60 CMakeFiles/MD.elf.dir/Core/Src/stm32g4xx_hal_msp.c.obj
                0x080015ec                HAL_TIM_Base_MspInit
 .text.HAL_TIM_MspPostInit
                0x0800164c       0x50 CMakeFiles/MD.elf.dir/Core/Src/stm32g4xx_hal_msp.c.obj
                0x0800164c                HAL_TIM_MspPostInit
 .text.HAL_UART_MspInit
                0x0800169c       0x84 CMakeFiles/MD.elf.dir/Core/Src/stm32g4xx_hal_msp.c.obj
                0x0800169c                HAL_UART_MspInit
 .text.HAL_InitTick
                0x08001720       0x94 CMakeFiles/MD.elf.dir/Core/Src/stm32g4xx_hal_timebase_tim.c.obj
                0x08001720                HAL_InitTick
 .text.NMI_Handler
                0x080017b4        0x2 CMakeFiles/MD.elf.dir/Core/Src/stm32g4xx_it.c.obj
                0x080017b4                NMI_Handler
 .text.HardFault_Handler
                0x080017b6        0x2 CMakeFiles/MD.elf.dir/Core/Src/stm32g4xx_it.c.obj
                0x080017b6                HardFault_Handler
 .text.MemManage_Handler
                0x080017b8        0x2 CMakeFiles/MD.elf.dir/Core/Src/stm32g4xx_it.c.obj
                0x080017b8                MemManage_Handler
 .text.BusFault_Handler
                0x080017ba        0x2 CMakeFiles/MD.elf.dir/Core/Src/stm32g4xx_it.c.obj
                0x080017ba                BusFault_Handler
 .text.UsageFault_Handler
                0x080017bc        0x2 CMakeFiles/MD.elf.dir/Core/Src/stm32g4xx_it.c.obj
                0x080017bc                UsageFault_Handler
 .text.SVC_Handler
                0x080017be        0x2 CMakeFiles/MD.elf.dir/Core/Src/stm32g4xx_it.c.obj
                0x080017be                SVC_Handler
 .text.DebugMon_Handler
                0x080017c0        0x2 CMakeFiles/MD.elf.dir/Core/Src/stm32g4xx_it.c.obj
                0x080017c0                DebugMon_Handler
 .text.PendSV_Handler
                0x080017c2        0x2 CMakeFiles/MD.elf.dir/Core/Src/stm32g4xx_it.c.obj
                0x080017c2                PendSV_Handler
 .text.SysTick_Handler
                0x080017c4        0x2 CMakeFiles/MD.elf.dir/Core/Src/stm32g4xx_it.c.obj
                0x080017c4                SysTick_Handler
 .text.EXTI0_IRQHandler
                0x080017c6        0xa CMakeFiles/MD.elf.dir/Core/Src/stm32g4xx_it.c.obj
                0x080017c6                EXTI0_IRQHandler
 .text.TIM1_TRG_COM_TIM17_IRQHandler
                0x080017d0       0x18 CMakeFiles/MD.elf.dir/Core/Src/stm32g4xx_it.c.obj
                0x080017d0                TIM1_TRG_COM_TIM17_IRQHandler
 .text.TIM2_IRQHandler
                0x080017e8       0x10 CMakeFiles/MD.elf.dir/Core/Src/stm32g4xx_it.c.obj
                0x080017e8                TIM2_IRQHandler
 .text._getpid  0x080017f8        0x4 CMakeFiles/MD.elf.dir/Core/Src/syscalls.c.obj
                0x080017f8                _getpid
 .text._kill    0x080017fc       0x10 CMakeFiles/MD.elf.dir/Core/Src/syscalls.c.obj
                0x080017fc                _kill
 .text._exit    0x0800180c        0xc CMakeFiles/MD.elf.dir/Core/Src/syscalls.c.obj
                0x0800180c                _exit
 .text._read    0x08001818       0x20 CMakeFiles/MD.elf.dir/Core/Src/syscalls.c.obj
                0x08001818                _read
 .text._close   0x08001838        0x6 CMakeFiles/MD.elf.dir/Core/Src/syscalls.c.obj
                0x08001838                _close
 .text._fstat   0x0800183e        0xa CMakeFiles/MD.elf.dir/Core/Src/syscalls.c.obj
                0x0800183e                _fstat
 .text._isatty  0x08001848        0x4 CMakeFiles/MD.elf.dir/Core/Src/syscalls.c.obj
                0x08001848                _isatty
 .text._lseek   0x0800184c        0x4 CMakeFiles/MD.elf.dir/Core/Src/syscalls.c.obj
                0x0800184c                _lseek
 .text._sbrk    0x08001850       0x48 CMakeFiles/MD.elf.dir/Core/Src/sysmem.c.obj
                0x08001850                _sbrk
 .text.SystemInit
                0x08001898        0x2 CMakeFiles/MD.elf.dir/Core/Src/system_stm32g4xx.c.obj
                0x08001898                SystemInit
 *fill*         0x0800189a        0x2 
 .text.Reset_Handler
                0x0800189c       0x50 CMakeFiles/MD.elf.dir/Core/Startup/startup_stm32g431kbtx.s.obj
                0x0800189c                Reset_Handler
 .text.Default_Handler
                0x080018ec        0x2 CMakeFiles/MD.elf.dir/Core/Startup/startup_stm32g431kbtx.s.obj
                0x080018ec                RTC_Alarm_IRQHandler
                0x080018ec                EXTI2_IRQHandler
                0x080018ec                TIM8_TRG_COM_IRQHandler
                0x080018ec                TIM8_CC_IRQHandler
                0x080018ec                TIM1_CC_IRQHandler
                0x080018ec                USB_HP_IRQHandler
                0x080018ec                CORDIC_IRQHandler
                0x080018ec                EXTI3_IRQHandler
                0x080018ec                I2C3_ER_IRQHandler
                0x080018ec                I2C2_EV_IRQHandler
                0x080018ec                FPU_IRQHandler
                0x080018ec                FDCAN1_IT1_IRQHandler
                0x080018ec                TIM1_UP_TIM16_IRQHandler
                0x080018ec                ADC1_2_IRQHandler
                0x080018ec                SPI1_IRQHandler
                0x080018ec                TIM6_DAC_IRQHandler
                0x080018ec                TIM8_UP_IRQHandler
                0x080018ec                DMA2_Channel2_IRQHandler
                0x080018ec                DMA1_Channel4_IRQHandler
                0x080018ec                USART3_IRQHandler
                0x080018ec                TIM4_IRQHandler
                0x080018ec                DMA2_Channel1_IRQHandler
                0x080018ec                I2C1_EV_IRQHandler
                0x080018ec                DMA1_Channel6_IRQHandler
                0x080018ec                UART4_IRQHandler
                0x080018ec                DMA2_Channel4_IRQHandler
                0x080018ec                TIM3_IRQHandler
                0x080018ec                RCC_IRQHandler
                0x080018ec                DMA1_Channel1_IRQHandler
                0x080018ec                Default_Handler
                0x080018ec                RTC_TAMP_LSECSS_IRQHandler
                0x080018ec                FMAC_IRQHandler
                0x080018ec                EXTI15_10_IRQHandler
                0x080018ec                TIM7_IRQHandler
                0x080018ec                UCPD1_IRQHandler
                0x080018ec                I2C3_EV_IRQHandler
                0x080018ec                EXTI9_5_IRQHandler
                0x080018ec                RTC_WKUP_IRQHandler
                0x080018ec                PVD_PVM_IRQHandler
                0x080018ec                SPI2_IRQHandler
                0x080018ec                DMA2_Channel5_IRQHandler
                0x080018ec                CRS_IRQHandler
                0x080018ec                DMA1_Channel5_IRQHandler
                0x080018ec                USB_LP_IRQHandler
                0x080018ec                EXTI4_IRQHandler
                0x080018ec                RNG_IRQHandler
                0x080018ec                DMA1_Channel3_IRQHandler
                0x080018ec                WWDG_IRQHandler
                0x080018ec                LPUART1_IRQHandler
                0x080018ec                DMA2_Channel6_IRQHandler
                0x080018ec                FDCAN1_IT0_IRQHandler
                0x080018ec                COMP1_2_3_IRQHandler
                0x080018ec                EXTI1_IRQHandler
                0x080018ec                USART2_IRQHandler
                0x080018ec                I2C2_ER_IRQHandler
                0x080018ec                DMA1_Channel2_IRQHandler
                0x080018ec                TIM8_BRK_IRQHandler
                0x080018ec                FLASH_IRQHandler
                0x080018ec                USART1_IRQHandler
                0x080018ec                SPI3_IRQHandler
                0x080018ec                I2C1_ER_IRQHandler
                0x080018ec                LPTIM1_IRQHandler
                0x080018ec                DMAMUX_OVR_IRQHandler
                0x080018ec                USBWakeUp_IRQHandler
                0x080018ec                SAI1_IRQHandler
                0x080018ec                DMA2_Channel3_IRQHandler
                0x080018ec                COMP4_IRQHandler
                0x080018ec                TIM1_BRK_TIM15_IRQHandler
 .text.HAL_Init
                0x080018ee       0x1e CMakeFiles/MD.elf.dir/Drivers/STM32G4xx_HAL_Driver/Src/stm32g4xx_hal.c.obj
                0x080018ee                HAL_Init
 .text.HAL_IncTick
                0x0800190c       0x18 CMakeFiles/MD.elf.dir/Drivers/STM32G4xx_HAL_Driver/Src/stm32g4xx_hal.c.obj
                0x0800190c                HAL_IncTick
 .text.HAL_GetTick
                0x08001924        0xc CMakeFiles/MD.elf.dir/Drivers/STM32G4xx_HAL_Driver/Src/stm32g4xx_hal.c.obj
                0x08001924                HAL_GetTick
 .text.HAL_Delay
                0x08001930       0x28 CMakeFiles/MD.elf.dir/Drivers/STM32G4xx_HAL_Driver/Src/stm32g4xx_hal.c.obj
                0x08001930                HAL_Delay
 .text.HAL_NVIC_SetPriorityGrouping
                0x08001958       0x24 CMakeFiles/MD.elf.dir/Drivers/STM32G4xx_HAL_Driver/Src/stm32g4xx_hal_cortex.c.obj
                0x08001958                HAL_NVIC_SetPriorityGrouping
 .text.HAL_NVIC_SetPriority
                0x0800197c       0x70 CMakeFiles/MD.elf.dir/Drivers/STM32G4xx_HAL_Driver/Src/stm32g4xx_hal_cortex.c.obj
                0x0800197c                HAL_NVIC_SetPriority
 .text.HAL_NVIC_EnableIRQ
                0x080019ec       0x1c CMakeFiles/MD.elf.dir/Drivers/STM32G4xx_HAL_Driver/Src/stm32g4xx_hal_cortex.c.obj
                0x080019ec                HAL_NVIC_EnableIRQ
 .text.HAL_NVIC_DisableIRQ
                0x08001a08       0x24 CMakeFiles/MD.elf.dir/Drivers/STM32G4xx_HAL_Driver/Src/stm32g4xx_hal_cortex.c.obj
                0x08001a08                HAL_NVIC_DisableIRQ
 .text.HAL_GPIO_Init
                0x08001a2c      0x1dc CMakeFiles/MD.elf.dir/Drivers/STM32G4xx_HAL_Driver/Src/stm32g4xx_hal_gpio.c.obj
                0x08001a2c                HAL_GPIO_Init
 .text.HAL_GPIO_WritePin
                0x08001c08        0xa CMakeFiles/MD.elf.dir/Drivers/STM32G4xx_HAL_Driver/Src/stm32g4xx_hal_gpio.c.obj
                0x08001c08                HAL_GPIO_WritePin
 .text.HAL_GPIO_TogglePin
                0x08001c12       0x12 CMakeFiles/MD.elf.dir/Drivers/STM32G4xx_HAL_Driver/Src/stm32g4xx_hal_gpio.c.obj
                0x08001c12                HAL_GPIO_TogglePin
 .text.HAL_GPIO_EXTI_IRQHandler
                0x08001c24       0x1c CMakeFiles/MD.elf.dir/Drivers/STM32G4xx_HAL_Driver/Src/stm32g4xx_hal_gpio.c.obj
                0x08001c24                HAL_GPIO_EXTI_IRQHandler
 .text.HAL_PWREx_ControlVoltageScaling
                0x08001c40      0x10c CMakeFiles/MD.elf.dir/Drivers/STM32G4xx_HAL_Driver/Src/stm32g4xx_hal_pwr_ex.c.obj
                0x08001c40                HAL_PWREx_ControlVoltageScaling
 .text.RCC_GetSysClockFreqFromPLLSource
                0x08001d4c       0x58 CMakeFiles/MD.elf.dir/Drivers/STM32G4xx_HAL_Driver/Src/stm32g4xx_hal_rcc.c.obj
 .text.HAL_RCC_OscConfig
                0x08001da4      0x4e8 CMakeFiles/MD.elf.dir/Drivers/STM32G4xx_HAL_Driver/Src/stm32g4xx_hal_rcc.c.obj
                0x08001da4                HAL_RCC_OscConfig
 .text.HAL_RCC_GetSysClockFreq
                0x0800228c       0x88 CMakeFiles/MD.elf.dir/Drivers/STM32G4xx_HAL_Driver/Src/stm32g4xx_hal_rcc.c.obj
                0x0800228c                HAL_RCC_GetSysClockFreq
 .text.HAL_RCC_ClockConfig
                0x08002314      0x1f8 CMakeFiles/MD.elf.dir/Drivers/STM32G4xx_HAL_Driver/Src/stm32g4xx_hal_rcc.c.obj
                0x08002314                HAL_RCC_ClockConfig
 .text.HAL_RCC_GetHCLKFreq
                0x0800250c        0xc CMakeFiles/MD.elf.dir/Drivers/STM32G4xx_HAL_Driver/Src/stm32g4xx_hal_rcc.c.obj
                0x0800250c                HAL_RCC_GetHCLKFreq
 .text.HAL_RCC_GetPCLK1Freq
                0x08002518       0x24 CMakeFiles/MD.elf.dir/Drivers/STM32G4xx_HAL_Driver/Src/stm32g4xx_hal_rcc.c.obj
                0x08002518                HAL_RCC_GetPCLK1Freq
 .text.HAL_RCC_GetPCLK2Freq
                0x0800253c       0x24 CMakeFiles/MD.elf.dir/Drivers/STM32G4xx_HAL_Driver/Src/stm32g4xx_hal_rcc.c.obj
                0x0800253c                HAL_RCC_GetPCLK2Freq
 .text.HAL_RCC_GetClockConfig
                0x08002560       0x3c CMakeFiles/MD.elf.dir/Drivers/STM32G4xx_HAL_Driver/Src/stm32g4xx_hal_rcc.c.obj
                0x08002560                HAL_RCC_GetClockConfig
 .text.HAL_RCCEx_PeriphCLKConfig
                0x0800259c      0x2e4 CMakeFiles/MD.elf.dir/Drivers/STM32G4xx_HAL_Driver/Src/stm32g4xx_hal_rcc_ex.c.obj
                0x0800259c                HAL_RCCEx_PeriphCLKConfig
 .text.TIM_OC1_SetConfig
                0x08002880       0xa0 CMakeFiles/MD.elf.dir/Drivers/STM32G4xx_HAL_Driver/Src/stm32g4xx_hal_tim.c.obj
 .text.TIM_OC3_SetConfig
                0x08002920       0x8c CMakeFiles/MD.elf.dir/Drivers/STM32G4xx_HAL_Driver/Src/stm32g4xx_hal_tim.c.obj
 .text.TIM_OC4_SetConfig
                0x080029ac       0x8c CMakeFiles/MD.elf.dir/Drivers/STM32G4xx_HAL_Driver/Src/stm32g4xx_hal_tim.c.obj
 .text.TIM_OC5_SetConfig
                0x08002a38       0x68 CMakeFiles/MD.elf.dir/Drivers/STM32G4xx_HAL_Driver/Src/stm32g4xx_hal_tim.c.obj
 .text.TIM_OC6_SetConfig
                0x08002aa0       0x6c CMakeFiles/MD.elf.dir/Drivers/STM32G4xx_HAL_Driver/Src/stm32g4xx_hal_tim.c.obj
 .text.TIM_TI1_ConfigInputStage
                0x08002b0c       0x24 CMakeFiles/MD.elf.dir/Drivers/STM32G4xx_HAL_Driver/Src/stm32g4xx_hal_tim.c.obj
 .text.TIM_TI2_ConfigInputStage
                0x08002b30       0x26 CMakeFiles/MD.elf.dir/Drivers/STM32G4xx_HAL_Driver/Src/stm32g4xx_hal_tim.c.obj
 .text.TIM_ITRx_SetConfig
                0x08002b56       0x14 CMakeFiles/MD.elf.dir/Drivers/STM32G4xx_HAL_Driver/Src/stm32g4xx_hal_tim.c.obj
 *fill*         0x08002b6a        0x2 
 .text.HAL_TIM_Base_Start_IT
                0x08002b6c       0x84 CMakeFiles/MD.elf.dir/Drivers/STM32G4xx_HAL_Driver/Src/stm32g4xx_hal_tim.c.obj
                0x08002b6c                HAL_TIM_Base_Start_IT
 .text.HAL_TIM_PWM_MspInit
                0x08002bf0        0x2 CMakeFiles/MD.elf.dir/Drivers/STM32G4xx_HAL_Driver/Src/stm32g4xx_hal_tim.c.obj
                0x08002bf0                HAL_TIM_PWM_MspInit
 .text.HAL_TIM_OC_DelayElapsedCallback
                0x08002bf2        0x2 CMakeFiles/MD.elf.dir/Drivers/STM32G4xx_HAL_Driver/Src/stm32g4xx_hal_tim.c.obj
                0x08002bf2                HAL_TIM_OC_DelayElapsedCallback
 .text.HAL_TIM_IC_CaptureCallback
                0x08002bf4        0x2 CMakeFiles/MD.elf.dir/Drivers/STM32G4xx_HAL_Driver/Src/stm32g4xx_hal_tim.c.obj
                0x08002bf4                HAL_TIM_IC_CaptureCallback
 .text.HAL_TIM_PWM_PulseFinishedCallback
                0x08002bf6        0x2 CMakeFiles/MD.elf.dir/Drivers/STM32G4xx_HAL_Driver/Src/stm32g4xx_hal_tim.c.obj
                0x08002bf6                HAL_TIM_PWM_PulseFinishedCallback
 .text.HAL_TIM_TriggerCallback
                0x08002bf8        0x2 CMakeFiles/MD.elf.dir/Drivers/STM32G4xx_HAL_Driver/Src/stm32g4xx_hal_tim.c.obj
                0x08002bf8                HAL_TIM_TriggerCallback
 .text.HAL_TIM_IRQHandler
                0x08002bfa      0x21e CMakeFiles/MD.elf.dir/Drivers/STM32G4xx_HAL_Driver/Src/stm32g4xx_hal_tim.c.obj
                0x08002bfa                HAL_TIM_IRQHandler
 .text.TIM_Base_SetConfig
                0x08002e18       0xb8 CMakeFiles/MD.elf.dir/Drivers/STM32G4xx_HAL_Driver/Src/stm32g4xx_hal_tim.c.obj
                0x08002e18                TIM_Base_SetConfig
 .text.HAL_TIM_Base_Init
                0x08002ed0       0x60 CMakeFiles/MD.elf.dir/Drivers/STM32G4xx_HAL_Driver/Src/stm32g4xx_hal_tim.c.obj
                0x08002ed0                HAL_TIM_Base_Init
 .text.HAL_TIM_PWM_Init
                0x08002f30       0x60 CMakeFiles/MD.elf.dir/Drivers/STM32G4xx_HAL_Driver/Src/stm32g4xx_hal_tim.c.obj
                0x08002f30                HAL_TIM_PWM_Init
 .text.HAL_TIM_Encoder_Init
                0x08002f90       0xb8 CMakeFiles/MD.elf.dir/Drivers/STM32G4xx_HAL_Driver/Src/stm32g4xx_hal_tim.c.obj
                0x08002f90                HAL_TIM_Encoder_Init
 .text.TIM_OC2_SetConfig
                0x08003048       0x8c CMakeFiles/MD.elf.dir/Drivers/STM32G4xx_HAL_Driver/Src/stm32g4xx_hal_tim.c.obj
                0x08003048                TIM_OC2_SetConfig
 .text.HAL_TIM_PWM_ConfigChannel
                0x080030d4      0x13a CMakeFiles/MD.elf.dir/Drivers/STM32G4xx_HAL_Driver/Src/stm32g4xx_hal_tim.c.obj
                0x080030d4                HAL_TIM_PWM_ConfigChannel
 .text.TIM_ETR_SetConfig
                0x0800320e       0x18 CMakeFiles/MD.elf.dir/Drivers/STM32G4xx_HAL_Driver/Src/stm32g4xx_hal_tim.c.obj
                0x0800320e                TIM_ETR_SetConfig
 *fill*         0x08003226        0x2 
 .text.HAL_TIM_ConfigClockSource
                0x08003228      0x138 CMakeFiles/MD.elf.dir/Drivers/STM32G4xx_HAL_Driver/Src/stm32g4xx_hal_tim.c.obj
                0x08003228                HAL_TIM_ConfigClockSource
 .text.TIM_CCxChannelCmd
                0x08003360       0x1e CMakeFiles/MD.elf.dir/Drivers/STM32G4xx_HAL_Driver/Src/stm32g4xx_hal_tim.c.obj
                0x08003360                TIM_CCxChannelCmd
 *fill*         0x0800337e        0x2 
 .text.HAL_TIM_PWM_Start
                0x08003380      0x158 CMakeFiles/MD.elf.dir/Drivers/STM32G4xx_HAL_Driver/Src/stm32g4xx_hal_tim.c.obj
                0x08003380                HAL_TIM_PWM_Start
 .text.HAL_TIM_Encoder_Start
                0x080034d8       0xcc CMakeFiles/MD.elf.dir/Drivers/STM32G4xx_HAL_Driver/Src/stm32g4xx_hal_tim.c.obj
                0x080034d8                HAL_TIM_Encoder_Start
 .text.HAL_TIMEx_MasterConfigSynchronization
                0x080035a4       0x94 CMakeFiles/MD.elf.dir/Drivers/STM32G4xx_HAL_Driver/Src/stm32g4xx_hal_tim_ex.c.obj
                0x080035a4                HAL_TIMEx_MasterConfigSynchronization
 .text.HAL_TIMEx_CommutCallback
                0x08003638        0x2 CMakeFiles/MD.elf.dir/Drivers/STM32G4xx_HAL_Driver/Src/stm32g4xx_hal_tim_ex.c.obj
                0x08003638                HAL_TIMEx_CommutCallback
 .text.HAL_TIMEx_BreakCallback
                0x0800363a        0x2 CMakeFiles/MD.elf.dir/Drivers/STM32G4xx_HAL_Driver/Src/stm32g4xx_hal_tim_ex.c.obj
                0x0800363a                HAL_TIMEx_BreakCallback
 .text.HAL_TIMEx_Break2Callback
                0x0800363c        0x2 CMakeFiles/MD.elf.dir/Drivers/STM32G4xx_HAL_Driver/Src/stm32g4xx_hal_tim_ex.c.obj
                0x0800363c                HAL_TIMEx_Break2Callback
 .text.HAL_TIMEx_EncoderIndexCallback
                0x0800363e        0x2 CMakeFiles/MD.elf.dir/Drivers/STM32G4xx_HAL_Driver/Src/stm32g4xx_hal_tim_ex.c.obj
                0x0800363e                HAL_TIMEx_EncoderIndexCallback
 .text.HAL_TIMEx_DirectionChangeCallback
                0x08003640        0x2 CMakeFiles/MD.elf.dir/Drivers/STM32G4xx_HAL_Driver/Src/stm32g4xx_hal_tim_ex.c.obj
                0x08003640                HAL_TIMEx_DirectionChangeCallback
 .text.HAL_TIMEx_IndexErrorCallback
                0x08003642        0x2 CMakeFiles/MD.elf.dir/Drivers/STM32G4xx_HAL_Driver/Src/stm32g4xx_hal_tim_ex.c.obj
                0x08003642                HAL_TIMEx_IndexErrorCallback
 .text.HAL_TIMEx_TransitionErrorCallback
                0x08003644        0x2 CMakeFiles/MD.elf.dir/Drivers/STM32G4xx_HAL_Driver/Src/stm32g4xx_hal_tim_ex.c.obj
                0x08003644                HAL_TIMEx_TransitionErrorCallback
 *fill*         0x08003646        0x2 
 .text.UART_SetConfig
                0x08003648      0x344 CMakeFiles/MD.elf.dir/Drivers/STM32G4xx_HAL_Driver/Src/stm32g4xx_hal_uart.c.obj
                0x08003648                UART_SetConfig
 .text.UART_AdvFeatureConfig
                0x0800398c       0xca CMakeFiles/MD.elf.dir/Drivers/STM32G4xx_HAL_Driver/Src/stm32g4xx_hal_uart.c.obj
                0x0800398c                UART_AdvFeatureConfig
 .text.UART_WaitOnFlagUntilTimeout
                0x08003a56       0xdc CMakeFiles/MD.elf.dir/Drivers/STM32G4xx_HAL_Driver/Src/stm32g4xx_hal_uart.c.obj
                0x08003a56                UART_WaitOnFlagUntilTimeout
 .text.HAL_UART_Transmit
                0x08003b32       0xde CMakeFiles/MD.elf.dir/Drivers/STM32G4xx_HAL_Driver/Src/stm32g4xx_hal_uart.c.obj
                0x08003b32                HAL_UART_Transmit
 .text.UART_CheckIdleState
                0x08003c10       0x74 CMakeFiles/MD.elf.dir/Drivers/STM32G4xx_HAL_Driver/Src/stm32g4xx_hal_uart.c.obj
                0x08003c10                UART_CheckIdleState
 .text.HAL_UART_Init
                0x08003c84       0x66 CMakeFiles/MD.elf.dir/Drivers/STM32G4xx_HAL_Driver/Src/stm32g4xx_hal_uart.c.obj
                0x08003c84                HAL_UART_Init
 *fill*         0x08003cea        0x2 
 .text.UARTEx_SetNbDataToProcess
                0x08003cec       0x4c CMakeFiles/MD.elf.dir/Drivers/STM32G4xx_HAL_Driver/Src/stm32g4xx_hal_uart_ex.c.obj
 .text.HAL_UARTEx_DisableFifoMode
                0x08003d38       0x3e CMakeFiles/MD.elf.dir/Drivers/STM32G4xx_HAL_Driver/Src/stm32g4xx_hal_uart_ex.c.obj
                0x08003d38                HAL_UARTEx_DisableFifoMode
 .text.HAL_UARTEx_SetTxFifoThreshold
                0x08003d76       0x4a CMakeFiles/MD.elf.dir/Drivers/STM32G4xx_HAL_Driver/Src/stm32g4xx_hal_uart_ex.c.obj
                0x08003d76                HAL_UARTEx_SetTxFifoThreshold
 .text.HAL_UARTEx_SetRxFifoThreshold
                0x08003dc0       0x4a CMakeFiles/MD.elf.dir/Drivers/STM32G4xx_HAL_Driver/Src/stm32g4xx_hal_uart_ex.c.obj
                0x08003dc0                HAL_UARTEx_SetRxFifoThreshold
 *fill*         0x08003e0a        0x2 
 .text.__errno  0x08003e0c        0xc c:/progra~2/gnuarm~1/102021~1.10/bin/../lib/gcc/arm-none-eabi/10.3.1/../../../../arm-none-eabi/lib/thumb/v7e-m/nofp\libg.a(lib_a-errno.o)
                0x08003e0c                __errno
 .text.__libc_init_array
                0x08003e18       0x48 c:/progra~2/gnuarm~1/102021~1.10/bin/../lib/gcc/arm-none-eabi/10.3.1/../../../../arm-none-eabi/lib/thumb/v7e-m/nofp\libg.a(lib_a-init.o)
                0x08003e18                __libc_init_array
 .text.memset   0x08003e60       0xa4 c:/progra~2/gnuarm~1/102021~1.10/bin/../lib/gcc/arm-none-eabi/10.3.1/../../../../arm-none-eabi/lib/thumb/v7e-m/nofp\libg.a(lib_a-memset.o)
                0x08003e60                memset
 .text.printf   0x08003f04       0x28 c:/progra~2/gnuarm~1/102021~1.10/bin/../lib/gcc/arm-none-eabi/10.3.1/../../../../arm-none-eabi/lib/thumb/v7e-m/nofp\libg.a(lib_a-printf.o)
                0x08003f04                printf
 .text._puts_r  0x08003f2c       0x9c c:/progra~2/gnuarm~1/102021~1.10/bin/../lib/gcc/arm-none-eabi/10.3.1/../../../../arm-none-eabi/lib/thumb/v7e-m/nofp\libg.a(lib_a-puts.o)
                0x08003f2c                _puts_r
 .text.puts     0x08003fc8       0x10 c:/progra~2/gnuarm~1/102021~1.10/bin/../lib/gcc/arm-none-eabi/10.3.1/../../../../arm-none-eabi/lib/thumb/v7e-m/nofp\libg.a(lib_a-puts.o)
                0x08003fc8                puts
 .text.setbuf   0x08003fd8       0x10 c:/progra~2/gnuarm~1/102021~1.10/bin/../lib/gcc/arm-none-eabi/10.3.1/../../../../arm-none-eabi/lib/thumb/v7e-m/nofp\libg.a(lib_a-setbuf.o)
                0x08003fd8                setbuf
 .text.setvbuf  0x08003fe8      0x1b0 c:/progra~2/gnuarm~1/102021~1.10/bin/../lib/gcc/arm-none-eabi/10.3.1/../../../../arm-none-eabi/lib/thumb/v7e-m/nofp\libg.a(lib_a-setvbuf.o)
                0x08003fe8                setvbuf
 .text._vfprintf_r
                0x08004198     0x1ad4 c:/progra~2/gnuarm~1/102021~1.10/bin/../lib/gcc/arm-none-eabi/10.3.1/../../../../arm-none-eabi/lib/thumb/v7e-m/nofp\libg.a(lib_a-vfprintf.o)
                0x08004198                _vfprintf_r
 .text.__sbprintf
                0x08005c6c       0x80 c:/progra~2/gnuarm~1/102021~1.10/bin/../lib/gcc/arm-none-eabi/10.3.1/../../../../arm-none-eabi/lib/thumb/v7e-m/nofp\libg.a(lib_a-vfprintf.o)
 .text.__swsetup_r
                0x08005cec       0xd4 c:/progra~2/gnuarm~1/102021~1.10/bin/../lib/gcc/arm-none-eabi/10.3.1/../../../../arm-none-eabi/lib/thumb/v7e-m/nofp\libg.a(lib_a-wsetup.o)
                0x08005cec                __swsetup_r
 .text.startup.register_fini
                0x08005dc0       0x14 c:/progra~2/gnuarm~1/102021~1.10/bin/../lib/gcc/arm-none-eabi/10.3.1/../../../../arm-none-eabi/lib/thumb/v7e-m/nofp\libg.a(lib_a-__call_atexit.o)
 .text.atexit   0x08005dd4        0xc c:/progra~2/gnuarm~1/102021~1.10/bin/../lib/gcc/arm-none-eabi/10.3.1/../../../../arm-none-eabi/lib/thumb/v7e-m/nofp\libg.a(lib_a-atexit.o)
                0x08005dd4                atexit
 .text.quorem   0x08005de0      0x124 c:/progra~2/gnuarm~1/102021~1.10/bin/../lib/gcc/arm-none-eabi/10.3.1/../../../../arm-none-eabi/lib/thumb/v7e-m/nofp\libg.a(lib_a-dtoa.o)
 *fill*         0x08005f04        0x4 
 .text._dtoa_r  0x08005f08      0xec4 c:/progra~2/gnuarm~1/102021~1.10/bin/../lib/gcc/arm-none-eabi/10.3.1/../../../../arm-none-eabi/lib/thumb/v7e-m/nofp\libg.a(lib_a-dtoa.o)
                0x08005f08                _dtoa_r
 .text.__sflush_r
                0x08006dcc      0x120 c:/progra~2/gnuarm~1/102021~1.10/bin/../lib/gcc/arm-none-eabi/10.3.1/../../../../arm-none-eabi/lib/thumb/v7e-m/nofp\libg.a(lib_a-fflush.o)
                0x08006dcc                __sflush_r
 .text._fflush_r
                0x08006eec       0x5c c:/progra~2/gnuarm~1/102021~1.10/bin/../lib/gcc/arm-none-eabi/10.3.1/../../../../arm-none-eabi/lib/thumb/v7e-m/nofp\libg.a(lib_a-fflush.o)
                0x08006eec                _fflush_r
 .text._cleanup_r
                0x08006f48        0xc c:/progra~2/gnuarm~1/102021~1.10/bin/../lib/gcc/arm-none-eabi/10.3.1/../../../../arm-none-eabi/lib/thumb/v7e-m/nofp\libg.a(lib_a-findfp.o)
                0x08006f48                _cleanup_r
 .text.__sinit  0x08006f54      0x10c c:/progra~2/gnuarm~1/102021~1.10/bin/../lib/gcc/arm-none-eabi/10.3.1/../../../../arm-none-eabi/lib/thumb/v7e-m/nofp\libg.a(lib_a-findfp.o)
                0x08006f54                __sinit
 .text.__sfp_lock_acquire
                0x08007060        0xc c:/progra~2/gnuarm~1/102021~1.10/bin/../lib/gcc/arm-none-eabi/10.3.1/../../../../arm-none-eabi/lib/thumb/v7e-m/nofp\libg.a(lib_a-findfp.o)
                0x08007060                __sfp_lock_acquire
 .text.__sfp_lock_release
                0x0800706c        0xc c:/progra~2/gnuarm~1/102021~1.10/bin/../lib/gcc/arm-none-eabi/10.3.1/../../../../arm-none-eabi/lib/thumb/v7e-m/nofp\libg.a(lib_a-findfp.o)
                0x0800706c                __sfp_lock_release
 .text.__libc_fini_array
                0x08007078       0x2c c:/progra~2/gnuarm~1/102021~1.10/bin/../lib/gcc/arm-none-eabi/10.3.1/../../../../arm-none-eabi/lib/thumb/v7e-m/nofp\libg.a(lib_a-fini.o)
                0x08007078                __libc_fini_array
 .text._malloc_trim_r
                0x080070a4       0xa0 c:/progra~2/gnuarm~1/102021~1.10/bin/../lib/gcc/arm-none-eabi/10.3.1/../../../../arm-none-eabi/lib/thumb/v7e-m/nofp\libg.a(lib_a-freer.o)
                0x080070a4                _malloc_trim_r
 .text._free_r  0x08007144      0x20c c:/progra~2/gnuarm~1/102021~1.10/bin/../lib/gcc/arm-none-eabi/10.3.1/../../../../arm-none-eabi/lib/thumb/v7e-m/nofp\libg.a(lib_a-freer.o)
                0x08007144                _free_r
 .text.__sfvwrite_r
                0x08007350      0x2e8 c:/progra~2/gnuarm~1/102021~1.10/bin/../lib/gcc/arm-none-eabi/10.3.1/../../../../arm-none-eabi/lib/thumb/v7e-m/nofp\libg.a(lib_a-fvwrite.o)
                0x08007350                __sfvwrite_r
 .text._fwalk_reent
                0x08007638       0x48 c:/progra~2/gnuarm~1/102021~1.10/bin/../lib/gcc/arm-none-eabi/10.3.1/../../../../arm-none-eabi/lib/thumb/v7e-m/nofp\libg.a(lib_a-fwalk.o)
                0x08007638                _fwalk_reent
 .text._localeconv_r
                0x08007680        0x8 c:/progra~2/gnuarm~1/102021~1.10/bin/../lib/gcc/arm-none-eabi/10.3.1/../../../../arm-none-eabi/lib/thumb/v7e-m/nofp\libg.a(lib_a-localeconv.o)
                0x08007680                _localeconv_r
 .text.__retarget_lock_init_recursive
                0x08007688        0x4 c:/progra~2/gnuarm~1/102021~1.10/bin/../lib/gcc/arm-none-eabi/10.3.1/../../../../arm-none-eabi/lib/thumb/v7e-m/nofp\libg.a(lib_a-lock.o)
                0x08007688                __retarget_lock_init_recursive
 .text.__retarget_lock_close_recursive
                0x0800768c        0x4 c:/progra~2/gnuarm~1/102021~1.10/bin/../lib/gcc/arm-none-eabi/10.3.1/../../../../arm-none-eabi/lib/thumb/v7e-m/nofp\libg.a(lib_a-lock.o)
                0x0800768c                __retarget_lock_close_recursive
 .text.__retarget_lock_acquire_recursive
                0x08007690        0x4 c:/progra~2/gnuarm~1/102021~1.10/bin/../lib/gcc/arm-none-eabi/10.3.1/../../../../arm-none-eabi/lib/thumb/v7e-m/nofp\libg.a(lib_a-lock.o)
                0x08007690                __retarget_lock_acquire_recursive
 .text.__retarget_lock_release_recursive
                0x08007694        0x4 c:/progra~2/gnuarm~1/102021~1.10/bin/../lib/gcc/arm-none-eabi/10.3.1/../../../../arm-none-eabi/lib/thumb/v7e-m/nofp\libg.a(lib_a-lock.o)
                0x08007694                __retarget_lock_release_recursive
 .text.__smakebuf_r
                0x08007698       0xe0 c:/progra~2/gnuarm~1/102021~1.10/bin/../lib/gcc/arm-none-eabi/10.3.1/../../../../arm-none-eabi/lib/thumb/v7e-m/nofp\libg.a(lib_a-makebuf.o)
                0x08007698                __smakebuf_r
 .text.__swhatbuf_r
                0x08007778       0x60 c:/progra~2/gnuarm~1/102021~1.10/bin/../lib/gcc/arm-none-eabi/10.3.1/../../../../arm-none-eabi/lib/thumb/v7e-m/nofp\libg.a(lib_a-makebuf.o)
                0x08007778                __swhatbuf_r
 .text.malloc   0x080077d8       0x10 c:/progra~2/gnuarm~1/102021~1.10/bin/../lib/gcc/arm-none-eabi/10.3.1/../../../../arm-none-eabi/lib/thumb/v7e-m/nofp\libg.a(lib_a-malloc.o)
                0x080077d8                malloc
 .text._malloc_r
                0x080077e8      0x560 c:/progra~2/gnuarm~1/102021~1.10/bin/../lib/gcc/arm-none-eabi/10.3.1/../../../../arm-none-eabi/lib/thumb/v7e-m/nofp\libg.a(lib_a-mallocr.o)
                0x080077e8                _malloc_r
 .text.memmove  0x08007d48       0xf8 c:/progra~2/gnuarm~1/102021~1.10/bin/../lib/gcc/arm-none-eabi/10.3.1/../../../../arm-none-eabi/lib/thumb/v7e-m/nofp\libg.a(lib_a-memmove.o)
                0x08007d48                memmove
 .text.__malloc_lock
                0x08007e40        0xc c:/progra~2/gnuarm~1/102021~1.10/bin/../lib/gcc/arm-none-eabi/10.3.1/../../../../arm-none-eabi/lib/thumb/v7e-m/nofp\libg.a(lib_a-mlock.o)
                0x08007e40                __malloc_lock
 .text.__malloc_unlock
                0x08007e4c        0xc c:/progra~2/gnuarm~1/102021~1.10/bin/../lib/gcc/arm-none-eabi/10.3.1/../../../../arm-none-eabi/lib/thumb/v7e-m/nofp\libg.a(lib_a-mlock.o)
                0x08007e4c                __malloc_unlock
 .text._Balloc  0x08007e58       0x4c c:/progra~2/gnuarm~1/102021~1.10/bin/../lib/gcc/arm-none-eabi/10.3.1/../../../../arm-none-eabi/lib/thumb/v7e-m/nofp\libg.a(lib_a-mprec.o)
                0x08007e58                _Balloc
 .text._Bfree   0x08007ea4       0x14 c:/progra~2/gnuarm~1/102021~1.10/bin/../lib/gcc/arm-none-eabi/10.3.1/../../../../arm-none-eabi/lib/thumb/v7e-m/nofp\libg.a(lib_a-mprec.o)
                0x08007ea4                _Bfree
 .text.__multadd
                0x08007eb8       0xa0 c:/progra~2/gnuarm~1/102021~1.10/bin/../lib/gcc/arm-none-eabi/10.3.1/../../../../arm-none-eabi/lib/thumb/v7e-m/nofp\libg.a(lib_a-mprec.o)
                0x08007eb8                __multadd
 .text.__hi0bits
                0x08007f58       0x40 c:/progra~2/gnuarm~1/102021~1.10/bin/../lib/gcc/arm-none-eabi/10.3.1/../../../../arm-none-eabi/lib/thumb/v7e-m/nofp\libg.a(lib_a-mprec.o)
                0x08007f58                __hi0bits
 .text.__lo0bits
                0x08007f98       0x5c c:/progra~2/gnuarm~1/102021~1.10/bin/../lib/gcc/arm-none-eabi/10.3.1/../../../../arm-none-eabi/lib/thumb/v7e-m/nofp\libg.a(lib_a-mprec.o)
                0x08007f98                __lo0bits
 .text.__i2b    0x08007ff4       0x5c c:/progra~2/gnuarm~1/102021~1.10/bin/../lib/gcc/arm-none-eabi/10.3.1/../../../../arm-none-eabi/lib/thumb/v7e-m/nofp\libg.a(lib_a-mprec.o)
                0x08007ff4                __i2b
 .text.__multiply
                0x08008050      0x15c c:/progra~2/gnuarm~1/102021~1.10/bin/../lib/gcc/arm-none-eabi/10.3.1/../../../../arm-none-eabi/lib/thumb/v7e-m/nofp\libg.a(lib_a-mprec.o)
                0x08008050                __multiply
 .text.__pow5mult
                0x080081ac       0xc0 c:/progra~2/gnuarm~1/102021~1.10/bin/../lib/gcc/arm-none-eabi/10.3.1/../../../../arm-none-eabi/lib/thumb/v7e-m/nofp\libg.a(lib_a-mprec.o)
                0x080081ac                __pow5mult
 .text.__lshift
                0x0800826c       0xf0 c:/progra~2/gnuarm~1/102021~1.10/bin/../lib/gcc/arm-none-eabi/10.3.1/../../../../arm-none-eabi/lib/thumb/v7e-m/nofp\libg.a(lib_a-mprec.o)
                0x0800826c                __lshift
 .text.__mcmp   0x0800835c       0x40 c:/progra~2/gnuarm~1/102021~1.10/bin/../lib/gcc/arm-none-eabi/10.3.1/../../../../arm-none-eabi/lib/thumb/v7e-m/nofp\libg.a(lib_a-mprec.o)
                0x0800835c                __mcmp
 .text.__mdiff  0x0800839c      0x14c c:/progra~2/gnuarm~1/102021~1.10/bin/../lib/gcc/arm-none-eabi/10.3.1/../../../../arm-none-eabi/lib/thumb/v7e-m/nofp\libg.a(lib_a-mprec.o)
                0x0800839c                __mdiff
 .text.__d2b    0x080084e8       0xc4 c:/progra~2/gnuarm~1/102021~1.10/bin/../lib/gcc/arm-none-eabi/10.3.1/../../../../arm-none-eabi/lib/thumb/v7e-m/nofp\libg.a(lib_a-mprec.o)
                0x080084e8                __d2b
 .text._realloc_r
                0x080085ac      0x3d8 c:/progra~2/gnuarm~1/102021~1.10/bin/../lib/gcc/arm-none-eabi/10.3.1/../../../../arm-none-eabi/lib/thumb/v7e-m/nofp\libg.a(lib_a-reallocr.o)
                0x080085ac                _realloc_r
 .text.frexp    0x08008984       0x70 c:/progra~2/gnuarm~1/102021~1.10/bin/../lib/gcc/arm-none-eabi/10.3.1/../../../../arm-none-eabi/lib/thumb/v7e-m/nofp\libg.a(lib_a-s_frexp.o)
                0x08008984                frexp
 .text._sbrk_r  0x080089f4       0x24 c:/progra~2/gnuarm~1/102021~1.10/bin/../lib/gcc/arm-none-eabi/10.3.1/../../../../arm-none-eabi/lib/thumb/v7e-m/nofp\libg.a(lib_a-sbrkr.o)
                0x080089f4                _sbrk_r
 .text.__sread  0x08008a18       0x24 c:/progra~2/gnuarm~1/102021~1.10/bin/../lib/gcc/arm-none-eabi/10.3.1/../../../../arm-none-eabi/lib/thumb/v7e-m/nofp\libg.a(lib_a-stdio.o)
                0x08008a18                __sread
 .text.__swrite
                0x08008a3c       0x40 c:/progra~2/gnuarm~1/102021~1.10/bin/../lib/gcc/arm-none-eabi/10.3.1/../../../../arm-none-eabi/lib/thumb/v7e-m/nofp\libg.a(lib_a-stdio.o)
                0x08008a3c                __swrite
 .text.__sseek  0x08008a7c       0x20 c:/progra~2/gnuarm~1/102021~1.10/bin/../lib/gcc/arm-none-eabi/10.3.1/../../../../arm-none-eabi/lib/thumb/v7e-m/nofp\libg.a(lib_a-stdio.o)
                0x08008a7c                __sseek
 .text.__sclose
                0x08008a9c        0x8 c:/progra~2/gnuarm~1/102021~1.10/bin/../lib/gcc/arm-none-eabi/10.3.1/../../../../arm-none-eabi/lib/thumb/v7e-m/nofp\libg.a(lib_a-stdio.o)
                0x08008a9c                __sclose
 .text.strncpy  0x08008aa4       0x64 c:/progra~2/gnuarm~1/102021~1.10/bin/../lib/gcc/arm-none-eabi/10.3.1/../../../../arm-none-eabi/lib/thumb/v7e-m/nofp\libg.a(lib_a-strncpy.o)
                0x08008aa4                strncpy
 .text.__sprint_r.part.0
                0x08008b08       0x78 c:/progra~2/gnuarm~1/102021~1.10/bin/../lib/gcc/arm-none-eabi/10.3.1/../../../../arm-none-eabi/lib/thumb/v7e-m/nofp\libg.a(lib_a-vfiprintf.o)
 .text.__sprint_r
                0x08008b80       0x14 c:/progra~2/gnuarm~1/102021~1.10/bin/../lib/gcc/arm-none-eabi/10.3.1/../../../../arm-none-eabi/lib/thumb/v7e-m/nofp\libg.a(lib_a-vfiprintf.o)
                0x08008b80                __sprint_r
 .text._vfiprintf_r
                0x08008b94      0xda0 c:/progra~2/gnuarm~1/102021~1.10/bin/../lib/gcc/arm-none-eabi/10.3.1/../../../../arm-none-eabi/lib/thumb/v7e-m/nofp\libg.a(lib_a-vfiprintf.o)
                0x08008b94                _vfiprintf_r
 .text.__sbprintf
                0x08009934       0x80 c:/progra~2/gnuarm~1/102021~1.10/bin/../lib/gcc/arm-none-eabi/10.3.1/../../../../arm-none-eabi/lib/thumb/v7e-m/nofp\libg.a(lib_a-vfiprintf.o)
 .text._write_r
                0x080099b4       0x2c c:/progra~2/gnuarm~1/102021~1.10/bin/../lib/gcc/arm-none-eabi/10.3.1/../../../../arm-none-eabi/lib/thumb/v7e-m/nofp\libg.a(lib_a-writer.o)
                0x080099b4                _write_r
 .text.__register_exitproc
                0x080099e0       0x8c c:/progra~2/gnuarm~1/102021~1.10/bin/../lib/gcc/arm-none-eabi/10.3.1/../../../../arm-none-eabi/lib/thumb/v7e-m/nofp\libg.a(lib_a-__atexit.o)
                0x080099e0                __register_exitproc
 .text.__assert_func
                0x08009a6c       0x40 c:/progra~2/gnuarm~1/102021~1.10/bin/../lib/gcc/arm-none-eabi/10.3.1/../../../../arm-none-eabi/lib/thumb/v7e-m/nofp\libg.a(lib_a-assert.o)
                0x08009a6c                __assert_func
 .text._calloc_r
                0x08009aac       0x78 c:/progra~2/gnuarm~1/102021~1.10/bin/../lib/gcc/arm-none-eabi/10.3.1/../../../../arm-none-eabi/lib/thumb/v7e-m/nofp\libg.a(lib_a-callocr.o)
                0x08009aac                _calloc_r
 .text._close_r
                0x08009b24       0x24 c:/progra~2/gnuarm~1/102021~1.10/bin/../lib/gcc/arm-none-eabi/10.3.1/../../../../arm-none-eabi/lib/thumb/v7e-m/nofp\libg.a(lib_a-closer.o)
                0x08009b24                _close_r
 .text._fclose_r
                0x08009b48       0xcc c:/progra~2/gnuarm~1/102021~1.10/bin/../lib/gcc/arm-none-eabi/10.3.1/../../../../arm-none-eabi/lib/thumb/v7e-m/nofp\libg.a(lib_a-fclose.o)
                0x08009b48                _fclose_r
 .text.fiprintf
                0x08009c14       0x28 c:/progra~2/gnuarm~1/102021~1.10/bin/../lib/gcc/arm-none-eabi/10.3.1/../../../../arm-none-eabi/lib/thumb/v7e-m/nofp\libg.a(lib_a-fiprintf.o)
                0x08009c14                fiprintf
 .text.__fputwc
                0x08009c3c       0xa8 c:/progra~2/gnuarm~1/102021~1.10/bin/../lib/gcc/arm-none-eabi/10.3.1/../../../../arm-none-eabi/lib/thumb/v7e-m/nofp\libg.a(lib_a-fputwc.o)
                0x08009c3c                __fputwc
 .text._fputwc_r
                0x08009ce4       0x68 c:/progra~2/gnuarm~1/102021~1.10/bin/../lib/gcc/arm-none-eabi/10.3.1/../../../../arm-none-eabi/lib/thumb/v7e-m/nofp\libg.a(lib_a-fputwc.o)
                0x08009ce4                _fputwc_r
 .text._fstat_r
                0x08009d4c       0x2c c:/progra~2/gnuarm~1/102021~1.10/bin/../lib/gcc/arm-none-eabi/10.3.1/../../../../arm-none-eabi/lib/thumb/v7e-m/nofp\libg.a(lib_a-fstatr.o)
                0x08009d4c                _fstat_r
 .text._isatty_r
                0x08009d78       0x24 c:/progra~2/gnuarm~1/102021~1.10/bin/../lib/gcc/arm-none-eabi/10.3.1/../../../../arm-none-eabi/lib/thumb/v7e-m/nofp\libg.a(lib_a-isattyr.o)
                0x08009d78                _isatty_r
 .text.__locale_mb_cur_max
                0x08009d9c        0xc c:/progra~2/gnuarm~1/102021~1.10/bin/../lib/gcc/arm-none-eabi/10.3.1/../../../../arm-none-eabi/lib/thumb/v7e-m/nofp\libg.a(lib_a-locale.o)
                0x08009d9c                __locale_mb_cur_max
 .text._lseek_r
                0x08009da8       0x2c c:/progra~2/gnuarm~1/102021~1.10/bin/../lib/gcc/arm-none-eabi/10.3.1/../../../../arm-none-eabi/lib/thumb/v7e-m/nofp\libg.a(lib_a-lseekr.o)
                0x08009da8                _lseek_r
 .text.__ascii_mbtowc
                0x08009dd4       0x2c c:/progra~2/gnuarm~1/102021~1.10/bin/../lib/gcc/arm-none-eabi/10.3.1/../../../../arm-none-eabi/lib/thumb/v7e-m/nofp\libg.a(lib_a-mbtowc_r.o)
                0x08009dd4                __ascii_mbtowc
 .text._read_r  0x08009e00       0x2c c:/progra~2/gnuarm~1/102021~1.10/bin/../lib/gcc/arm-none-eabi/10.3.1/../../../../arm-none-eabi/lib/thumb/v7e-m/nofp\libg.a(lib_a-readr.o)
                0x08009e00                _read_r
 .text.__swbuf_r
                0x08009e2c       0xb0 c:/progra~2/gnuarm~1/102021~1.10/bin/../lib/gcc/arm-none-eabi/10.3.1/../../../../arm-none-eabi/lib/thumb/v7e-m/nofp\libg.a(lib_a-wbuf.o)
                0x08009e2c                __swbuf_r
 .text._wcrtomb_r
                0x08009edc       0x3c c:/progra~2/gnuarm~1/102021~1.10/bin/../lib/gcc/arm-none-eabi/10.3.1/../../../../arm-none-eabi/lib/thumb/v7e-m/nofp\libg.a(lib_a-wcrtomb.o)
                0x08009edc                _wcrtomb_r
 .text.__ascii_wctomb
                0x08009f18       0x1c c:/progra~2/gnuarm~1/102021~1.10/bin/../lib/gcc/arm-none-eabi/10.3.1/../../../../arm-none-eabi/lib/thumb/v7e-m/nofp\libg.a(lib_a-wctomb_r.o)
                0x08009f18                __ascii_wctomb
 .text.abort    0x08009f34       0x10 c:/progra~2/gnuarm~1/102021~1.10/bin/../lib/gcc/arm-none-eabi/10.3.1/../../../../arm-none-eabi/lib/thumb/v7e-m/nofp\libg.a(lib_a-abort.o)
                0x08009f34                abort
 .text.raise    0x08009f44       0x5c c:/progra~2/gnuarm~1/102021~1.10/bin/../lib/gcc/arm-none-eabi/10.3.1/../../../../arm-none-eabi/lib/thumb/v7e-m/nofp\libg.a(lib_a-signal.o)
                0x08009f44                raise
 .text._kill_r  0x08009fa0       0x2c c:/progra~2/gnuarm~1/102021~1.10/bin/../lib/gcc/arm-none-eabi/10.3.1/../../../../arm-none-eabi/lib/thumb/v7e-m/nofp\libg.a(lib_a-signalr.o)
                0x08009fa0                _kill_r
 .text._getpid_r
                0x08009fcc        0x4 c:/progra~2/gnuarm~1/102021~1.10/bin/../lib/gcc/arm-none-eabi/10.3.1/../../../../arm-none-eabi/lib/thumb/v7e-m/nofp\libg.a(lib_a-signalr.o)
                0x08009fcc                _getpid_r
 *(.glue_7)
 .glue_7        0x08009fd0        0x0 linker stubs
 *(.glue_7t)
 .glue_7t       0x08009fd0        0x0 linker stubs
 *(.eh_frame)
 .eh_frame      0x08009fd0        0x0 c:/progra~2/gnuarm~1/102021~1.10/bin/../lib/gcc/arm-none-eabi/10.3.1/thumb/v7e-m/nofp/crtbegin.o
 *(.init)
 .init          0x08009fd0        0x4 c:/progra~2/gnuarm~1/102021~1.10/bin/../lib/gcc/arm-none-eabi/10.3.1/thumb/v7e-m/nofp/crti.o
                0x08009fd0                _init
 .init          0x08009fd4        0x8 c:/progra~2/gnuarm~1/102021~1.10/bin/../lib/gcc/arm-none-eabi/10.3.1/thumb/v7e-m/nofp/crtn.o
 *(.fini)
 .fini          0x08009fdc        0x4 c:/progra~2/gnuarm~1/102021~1.10/bin/../lib/gcc/arm-none-eabi/10.3.1/thumb/v7e-m/nofp/crti.o
                0x08009fdc                _fini
 .fini          0x08009fe0        0x8 c:/progra~2/gnuarm~1/102021~1.10/bin/../lib/gcc/arm-none-eabi/10.3.1/thumb/v7e-m/nofp/crtn.o
                0x08009fe8                . = ALIGN (0x4)
                0x08009fe8                _etext = .

.vfp11_veneer   0x08009fe8        0x0
 .vfp11_veneer  0x08009fe8        0x0 linker stubs

.v4_bx          0x08009fe8        0x0
 .v4_bx         0x08009fe8        0x0 linker stubs

.iplt           0x08009fe8        0x0
 .iplt          0x08009fe8        0x0 c:/progra~2/gnuarm~1/102021~1.10/bin/../lib/gcc/arm-none-eabi/10.3.1/thumb/v7e-m/nofp/crtbegin.o

.rodata         0x08009fe8      0x458
                0x08009fe8                . = ALIGN (0x4)
 *(.rodata)
 *(.rodata*)
 .rodata.HAL_GPIO_EXTI_Callback.str1.4
                0x08009fe8        0xd CMakeFiles/MD.elf.dir/Core/Src/main.c.obj
 *fill*         0x08009ff5        0x3 
 .rodata.main.str1.4
                0x08009ff8        0x5 CMakeFiles/MD.elf.dir/Core/Src/main.c.obj
 *fill*         0x08009ffd        0x3 
 .rodata.AHBPrescTable
                0x0800a000       0x10 CMakeFiles/MD.elf.dir/Core/Src/system_stm32g4xx.c.obj
                0x0800a000                AHBPrescTable
 .rodata.APBPrescTable
                0x0800a010        0x8 CMakeFiles/MD.elf.dir/Core/Src/system_stm32g4xx.c.obj
                0x0800a010                APBPrescTable
 .rodata.UARTPrescTable
                0x0800a018       0x18 CMakeFiles/MD.elf.dir/Drivers/STM32G4xx_HAL_Driver/Src/stm32g4xx_hal_uart.c.obj
                0x0800a018                UARTPrescTable
 .rodata.denominator.0
                0x0800a030        0x8 CMakeFiles/MD.elf.dir/Drivers/STM32G4xx_HAL_Driver/Src/stm32g4xx_hal_uart_ex.c.obj
 .rodata.numerator.1
                0x0800a038        0x8 CMakeFiles/MD.elf.dir/Drivers/STM32G4xx_HAL_Driver/Src/stm32g4xx_hal_uart_ex.c.obj
 .rodata._global_impure_ptr
                0x0800a040        0x4 c:/progra~2/gnuarm~1/102021~1.10/bin/../lib/gcc/arm-none-eabi/10.3.1/../../../../arm-none-eabi/lib/thumb/v7e-m/nofp\libg.a(lib_a-impure.o)
                0x0800a040                _global_impure_ptr
 .rodata._puts_r.str1.4
                0x0800a044        0x2 c:/progra~2/gnuarm~1/102021~1.10/bin/../lib/gcc/arm-none-eabi/10.3.1/../../../../arm-none-eabi/lib/thumb/v7e-m/nofp\libg.a(lib_a-puts.o)
 *fill*         0x0800a046        0x2 
 .rodata._vfprintf_r.str1.4
                0x0800a048       0x42 c:/progra~2/gnuarm~1/102021~1.10/bin/../lib/gcc/arm-none-eabi/10.3.1/../../../../arm-none-eabi/lib/thumb/v7e-m/nofp\libg.a(lib_a-vfprintf.o)
 *fill*         0x0800a08a        0x2 
 .rodata.blanks.1
                0x0800a08c       0x10 c:/progra~2/gnuarm~1/102021~1.10/bin/../lib/gcc/arm-none-eabi/10.3.1/../../../../arm-none-eabi/lib/thumb/v7e-m/nofp\libg.a(lib_a-vfprintf.o)
 .rodata.zeroes.0
                0x0800a09c       0x10 c:/progra~2/gnuarm~1/102021~1.10/bin/../lib/gcc/arm-none-eabi/10.3.1/../../../../arm-none-eabi/lib/thumb/v7e-m/nofp\libg.a(lib_a-vfprintf.o)
 .rodata._dtoa_r.str1.4
                0x0800a0ac       0xa2 c:/progra~2/gnuarm~1/102021~1.10/bin/../lib/gcc/arm-none-eabi/10.3.1/../../../../arm-none-eabi/lib/thumb/v7e-m/nofp\libg.a(lib_a-dtoa.o)
                                 0xa6 (size before relaxing)
 *fill*         0x0800a14e        0x2 
 .rodata.__multadd.str1.4
                0x0800a150       0x7f c:/progra~2/gnuarm~1/102021~1.10/bin/../lib/gcc/arm-none-eabi/10.3.1/../../../../arm-none-eabi/lib/thumb/v7e-m/nofp\libg.a(lib_a-mprec.o)
                                 0x93 (size before relaxing)
 *fill*         0x0800a1cf        0x1 
 .rodata.__mprec_bigtens
                0x0800a1d0       0x28 c:/progra~2/gnuarm~1/102021~1.10/bin/../lib/gcc/arm-none-eabi/10.3.1/../../../../arm-none-eabi/lib/thumb/v7e-m/nofp\libg.a(lib_a-mprec.o)
                0x0800a1d0                __mprec_bigtens
 .rodata.__mprec_tens
                0x0800a1f8       0xc8 c:/progra~2/gnuarm~1/102021~1.10/bin/../lib/gcc/arm-none-eabi/10.3.1/../../../../arm-none-eabi/lib/thumb/v7e-m/nofp\libg.a(lib_a-mprec.o)
                0x0800a1f8                __mprec_tens
 .rodata.p05.0  0x0800a2c0        0xc c:/progra~2/gnuarm~1/102021~1.10/bin/../lib/gcc/arm-none-eabi/10.3.1/../../../../arm-none-eabi/lib/thumb/v7e-m/nofp\libg.a(lib_a-mprec.o)
 .rodata._vfiprintf_r.str1.4
                0x0800a2cc       0x2f c:/progra~2/gnuarm~1/102021~1.10/bin/../lib/gcc/arm-none-eabi/10.3.1/../../../../arm-none-eabi/lib/thumb/v7e-m/nofp\libg.a(lib_a-vfiprintf.o)
 .rodata.blanks.1
                0x0800a2cc       0x10 c:/progra~2/gnuarm~1/102021~1.10/bin/../lib/gcc/arm-none-eabi/10.3.1/../../../../arm-none-eabi/lib/thumb/v7e-m/nofp\libg.a(lib_a-vfiprintf.o)
 .rodata.zeroes.0
                0x0800a2dc       0x10 c:/progra~2/gnuarm~1/102021~1.10/bin/../lib/gcc/arm-none-eabi/10.3.1/../../../../arm-none-eabi/lib/thumb/v7e-m/nofp\libg.a(lib_a-vfiprintf.o)
 .rodata.__assert_func.str1.4
                0x0800a2ec       0x3f c:/progra~2/gnuarm~1/102021~1.10/bin/../lib/gcc/arm-none-eabi/10.3.1/../../../../arm-none-eabi/lib/thumb/v7e-m/nofp\libg.a(lib_a-assert.o)
                                 0x43 (size before relaxing)
 *fill*         0x0800a32b        0x1 
 .rodata._setlocale_r.str1.4
                0x0800a32c        0xa c:/progra~2/gnuarm~1/102021~1.10/bin/../lib/gcc/arm-none-eabi/10.3.1/../../../../arm-none-eabi/lib/thumb/v7e-m/nofp\libg.a(lib_a-locale.o)
                                  0xd (size before relaxing)
 *fill*         0x0800a336        0x2 
 .rodata.str1.4
                0x0800a338        0x2 c:/progra~2/gnuarm~1/102021~1.10/bin/../lib/gcc/arm-none-eabi/10.3.1/../../../../arm-none-eabi/lib/thumb/v7e-m/nofp\libg.a(lib_a-locale.o)
 *fill*         0x0800a33a        0x2 
 .rodata._ctype_
                0x0800a33c      0x101 c:/progra~2/gnuarm~1/102021~1.10/bin/../lib/gcc/arm-none-eabi/10.3.1/../../../../arm-none-eabi/lib/thumb/v7e-m/nofp\libg.a(lib_a-ctype_.o)
                0x0800a33c                _ctype_
                0x0800a440                . = ALIGN (0x4)
 *fill*         0x0800a43d        0x3 

.ARM.extab      0x0800a440        0x0
                0x0800a440                . = ALIGN (0x4)
 *(.ARM.extab* .gnu.linkonce.armextab.*)
                0x0800a440                . = ALIGN (0x4)

.ARM            0x0800a440        0x8
                0x0800a440                . = ALIGN (0x4)
                0x0800a440                __exidx_start = .
 *(.ARM.exidx*)
 .ARM.exidx     0x0800a440        0x8 c:/progra~2/gnuarm~1/102021~1.10/bin/../lib/gcc/arm-none-eabi/10.3.1/thumb/v7e-m/nofp\libgcc.a(_udivmoddi4.o)
                0x0800a448                __exidx_end = .
                0x0800a448                . = ALIGN (0x4)

.rel.dyn        0x0800a448        0x0
 .rel.iplt      0x0800a448        0x0 c:/progra~2/gnuarm~1/102021~1.10/bin/../lib/gcc/arm-none-eabi/10.3.1/thumb/v7e-m/nofp/crtbegin.o

.preinit_array  0x0800a448        0x0
                0x0800a448                . = ALIGN (0x4)
                0x0800a448                PROVIDE (__preinit_array_start = .)
 *(.preinit_array*)
                0x0800a448                PROVIDE (__preinit_array_end = .)
                0x0800a448                . = ALIGN (0x4)

.init_array     0x0800a448        0x8
                0x0800a448                . = ALIGN (0x4)
                0x0800a448                PROVIDE (__init_array_start = .)
 *(SORT_BY_NAME(.init_array.*))
 .init_array.00000
                0x0800a448        0x4 c:/progra~2/gnuarm~1/102021~1.10/bin/../lib/gcc/arm-none-eabi/10.3.1/../../../../arm-none-eabi/lib/thumb/v7e-m/nofp\libg.a(lib_a-__call_atexit.o)
 *(.init_array*)
 .init_array    0x0800a44c        0x4 c:/progra~2/gnuarm~1/102021~1.10/bin/../lib/gcc/arm-none-eabi/10.3.1/thumb/v7e-m/nofp/crtbegin.o
                0x0800a450                PROVIDE (__init_array_end = .)
                0x0800a450                . = ALIGN (0x4)

.fini_array     0x0800a450        0x4
                0x0800a450                . = ALIGN (0x4)
                0x0800a450                PROVIDE (__fini_array_start = .)
 *(SORT_BY_NAME(.fini_array.*))
 *(.fini_array*)
 .fini_array    0x0800a450        0x4 c:/progra~2/gnuarm~1/102021~1.10/bin/../lib/gcc/arm-none-eabi/10.3.1/thumb/v7e-m/nofp/crtbegin.o
                0x0800a454                PROVIDE (__fini_array_end = .)
                0x0800a454                . = ALIGN (0x4)
                0x0800a454                _sidata = LOADADDR (.data)

.data           0x20000000      0x9b8 load address 0x0800a454
                0x20000000                . = ALIGN (0x4)
                0x20000000                _sdata = .
 *(.data)
 *(.data*)
 .data.SystemCoreClock
                0x20000000        0x4 CMakeFiles/MD.elf.dir/Core/Src/system_stm32g4xx.c.obj
                0x20000000                SystemCoreClock
 .data.uwTickFreq
                0x20000004        0x4 CMakeFiles/MD.elf.dir/Drivers/STM32G4xx_HAL_Driver/Src/stm32g4xx_hal.c.obj
                0x20000004                uwTickFreq
 .data.uwTickPrio
                0x20000008        0x4 CMakeFiles/MD.elf.dir/Drivers/STM32G4xx_HAL_Driver/Src/stm32g4xx_hal.c.obj
                0x20000008                uwTickPrio
 .data._impure_ptr
                0x2000000c        0x4 c:/progra~2/gnuarm~1/102021~1.10/bin/../lib/gcc/arm-none-eabi/10.3.1/../../../../arm-none-eabi/lib/thumb/v7e-m/nofp\libg.a(lib_a-impure.o)
                0x2000000c                _impure_ptr
 .data.impure_data
                0x20000010      0x428 c:/progra~2/gnuarm~1/102021~1.10/bin/../lib/gcc/arm-none-eabi/10.3.1/../../../../arm-none-eabi/lib/thumb/v7e-m/nofp\libg.a(lib_a-impure.o)
 .data.__atexit_recursive_mutex
                0x20000438        0x4 c:/progra~2/gnuarm~1/102021~1.10/bin/../lib/gcc/arm-none-eabi/10.3.1/../../../../arm-none-eabi/lib/thumb/v7e-m/nofp\libg.a(lib_a-__call_atexit.o)
                0x20000438                __atexit_recursive_mutex
 .data.__malloc_av_
                0x2000043c      0x408 c:/progra~2/gnuarm~1/102021~1.10/bin/../lib/gcc/arm-none-eabi/10.3.1/../../../../arm-none-eabi/lib/thumb/v7e-m/nofp\libg.a(lib_a-mallocr.o)
                0x2000043c                __malloc_av_
 .data.__malloc_sbrk_base
                0x20000844        0x4 c:/progra~2/gnuarm~1/102021~1.10/bin/../lib/gcc/arm-none-eabi/10.3.1/../../../../arm-none-eabi/lib/thumb/v7e-m/nofp\libg.a(lib_a-mallocr.o)
                0x20000844                __malloc_sbrk_base
 .data.__malloc_trim_threshold
                0x20000848        0x4 c:/progra~2/gnuarm~1/102021~1.10/bin/../lib/gcc/arm-none-eabi/10.3.1/../../../../arm-none-eabi/lib/thumb/v7e-m/nofp\libg.a(lib_a-mallocr.o)
                0x20000848                __malloc_trim_threshold
 .data.__global_locale
                0x2000084c      0x16c c:/progra~2/gnuarm~1/102021~1.10/bin/../lib/gcc/arm-none-eabi/10.3.1/../../../../arm-none-eabi/lib/thumb/v7e-m/nofp\libg.a(lib_a-locale.o)
                0x2000084c                __global_locale
 *(.RamFunc)
 *(.RamFunc*)
                0x200009b8                . = ALIGN (0x4)
                0x200009b8                _edata = .

.igot.plt       0x200009b8        0x0 load address 0x0800ae0c
 .igot.plt      0x200009b8        0x0 c:/progra~2/gnuarm~1/102021~1.10/bin/../lib/gcc/arm-none-eabi/10.3.1/thumb/v7e-m/nofp/crtbegin.o
                0x200009b8                . = ALIGN (0x4)

.bss            0x200009b8      0x254 load address 0x0800ae0c
                0x200009b8                _sbss = .
                0x200009b8                __bss_start__ = _sbss
 *(.bss)
 .bss           0x200009b8       0x1c c:/progra~2/gnuarm~1/102021~1.10/bin/../lib/gcc/arm-none-eabi/10.3.1/thumb/v7e-m/nofp/crtbegin.o
 *(.bss*)
 .bss.hpid      0x200009d4       0x28 CMakeFiles/MD.elf.dir/Core/Src/main.c.obj
                0x200009d4                hpid
 .bss.htim1     0x200009fc       0x4c CMakeFiles/MD.elf.dir/Core/Src/main.c.obj
                0x200009fc                htim1
 .bss.htim2     0x20000a48       0x4c CMakeFiles/MD.elf.dir/Core/Src/main.c.obj
                0x20000a48                htim2
 .bss.htim3     0x20000a94       0x4c CMakeFiles/MD.elf.dir/Core/Src/main.c.obj
                0x20000a94                htim3
 .bss.huart2    0x20000ae0       0x90 CMakeFiles/MD.elf.dir/Core/Src/main.c.obj
                0x20000ae0                huart2
 .bss.htim17    0x20000b70       0x4c CMakeFiles/MD.elf.dir/Core/Src/stm32g4xx_hal_timebase_tim.c.obj
                0x20000b70                htim17
 .bss.__sbrk_heap_end
                0x20000bbc        0x4 CMakeFiles/MD.elf.dir/Core/Src/sysmem.c.obj
 .bss.uwTick    0x20000bc0        0x4 CMakeFiles/MD.elf.dir/Drivers/STM32G4xx_HAL_Driver/Src/stm32g4xx_hal.c.obj
                0x20000bc0                uwTick
 .bss.__lock___atexit_recursive_mutex
                0x20000bc4        0x1 c:/progra~2/gnuarm~1/102021~1.10/bin/../lib/gcc/arm-none-eabi/10.3.1/../../../../arm-none-eabi/lib/thumb/v7e-m/nofp\libg.a(lib_a-lock.o)
                0x20000bc4                __lock___atexit_recursive_mutex
 *fill*         0x20000bc5        0x3 
 .bss.__lock___malloc_recursive_mutex
                0x20000bc8        0x1 c:/progra~2/gnuarm~1/102021~1.10/bin/../lib/gcc/arm-none-eabi/10.3.1/../../../../arm-none-eabi/lib/thumb/v7e-m/nofp\libg.a(lib_a-lock.o)
                0x20000bc8                __lock___malloc_recursive_mutex
 *fill*         0x20000bc9        0x3 
 .bss.__lock___sfp_recursive_mutex
                0x20000bcc        0x1 c:/progra~2/gnuarm~1/102021~1.10/bin/../lib/gcc/arm-none-eabi/10.3.1/../../../../arm-none-eabi/lib/thumb/v7e-m/nofp\libg.a(lib_a-lock.o)
                0x20000bcc                __lock___sfp_recursive_mutex
 *fill*         0x20000bcd        0x3 
 .bss.__lock___sinit_recursive_mutex
                0x20000bd0        0x1 c:/progra~2/gnuarm~1/102021~1.10/bin/../lib/gcc/arm-none-eabi/10.3.1/../../../../arm-none-eabi/lib/thumb/v7e-m/nofp\libg.a(lib_a-lock.o)
                0x20000bd0                __lock___sinit_recursive_mutex
 *fill*         0x20000bd1        0x3 
 .bss.__malloc_current_mallinfo
                0x20000bd4       0x28 c:/progra~2/gnuarm~1/102021~1.10/bin/../lib/gcc/arm-none-eabi/10.3.1/../../../../arm-none-eabi/lib/thumb/v7e-m/nofp\libg.a(lib_a-mallocr.o)
                0x20000bd4                __malloc_current_mallinfo
 .bss.__malloc_max_sbrked_mem
                0x20000bfc        0x4 c:/progra~2/gnuarm~1/102021~1.10/bin/../lib/gcc/arm-none-eabi/10.3.1/../../../../arm-none-eabi/lib/thumb/v7e-m/nofp\libg.a(lib_a-mallocr.o)
                0x20000bfc                __malloc_max_sbrked_mem
 .bss.__malloc_max_total_mem
                0x20000c00        0x4 c:/progra~2/gnuarm~1/102021~1.10/bin/../lib/gcc/arm-none-eabi/10.3.1/../../../../arm-none-eabi/lib/thumb/v7e-m/nofp\libg.a(lib_a-mallocr.o)
                0x20000c00                __malloc_max_total_mem
 .bss.__malloc_top_pad
                0x20000c04        0x4 c:/progra~2/gnuarm~1/102021~1.10/bin/../lib/gcc/arm-none-eabi/10.3.1/../../../../arm-none-eabi/lib/thumb/v7e-m/nofp\libg.a(lib_a-mallocr.o)
                0x20000c04                __malloc_top_pad
 .bss.errno     0x20000c08        0x4 c:/progra~2/gnuarm~1/102021~1.10/bin/../lib/gcc/arm-none-eabi/10.3.1/../../../../arm-none-eabi/lib/thumb/v7e-m/nofp\libg.a(lib_a-reent.o)
                0x20000c08                errno
 *(COMMON)
                0x20000c0c                . = ALIGN (0x4)
                0x20000c0c                _ebss = .
                0x20000c0c                __bss_end__ = _ebss

._user_heap_stack
                0x20000c0c      0x604 load address 0x0800ae0c
                0x20000c10                . = ALIGN (0x8)
 *fill*         0x20000c0c        0x4 
                [!provide]                PROVIDE (end = .)
                0x20000c10                PROVIDE (_end = .)
                0x20000e10                . = (. + _Min_Heap_Size)
 *fill*         0x20000c10      0x200 
                0x20001210                . = (. + _Min_Stack_Size)
 *fill*         0x20000e10      0x400 
                0x20001210                . = ALIGN (0x8)

/DISCARD/
 libc.a(*)
 libm.a(*)
 libgcc.a(*)

.ARM.attributes
                0x00000000       0x2a
 *(.ARM.attributes)
 .ARM.attributes
                0x00000000       0x1e c:/progra~2/gnuarm~1/102021~1.10/bin/../lib/gcc/arm-none-eabi/10.3.1/thumb/v7e-m/nofp/crti.o
 .ARM.attributes
                0x0000001e       0x2e c:/progra~2/gnuarm~1/102021~1.10/bin/../lib/gcc/arm-none-eabi/10.3.1/thumb/v7e-m/nofp/crtbegin.o
 .ARM.attributes
                0x0000004c       0x2e CMakeFiles/MD.elf.dir/Core/Src/main.c.obj
 .ARM.attributes
                0x0000007a       0x2e CMakeFiles/MD.elf.dir/Core/Src/stm32g4xx_hal_msp.c.obj
 .ARM.attributes
                0x000000a8       0x2e CMakeFiles/MD.elf.dir/Core/Src/stm32g4xx_hal_timebase_tim.c.obj
 .ARM.attributes
                0x000000d6       0x2e CMakeFiles/MD.elf.dir/Core/Src/stm32g4xx_it.c.obj
 .ARM.attributes
                0x00000104       0x2e CMakeFiles/MD.elf.dir/Core/Src/syscalls.c.obj
 .ARM.attributes
                0x00000132       0x2e CMakeFiles/MD.elf.dir/Core/Src/sysmem.c.obj
 .ARM.attributes
                0x00000160       0x2e CMakeFiles/MD.elf.dir/Core/Src/system_stm32g4xx.c.obj
 .ARM.attributes
                0x0000018e       0x21 CMakeFiles/MD.elf.dir/Core/Startup/startup_stm32g431kbtx.s.obj
 .ARM.attributes
                0x000001af       0x2e CMakeFiles/MD.elf.dir/Drivers/STM32G4xx_HAL_Driver/Src/stm32g4xx_hal.c.obj
 .ARM.attributes
                0x000001dd       0x2e CMakeFiles/MD.elf.dir/Drivers/STM32G4xx_HAL_Driver/Src/stm32g4xx_hal_cortex.c.obj
 .ARM.attributes
                0x0000020b       0x2e CMakeFiles/MD.elf.dir/Drivers/STM32G4xx_HAL_Driver/Src/stm32g4xx_hal_gpio.c.obj
 .ARM.attributes
                0x00000239       0x2e CMakeFiles/MD.elf.dir/Drivers/STM32G4xx_HAL_Driver/Src/stm32g4xx_hal_pwr_ex.c.obj
 .ARM.attributes
                0x00000267       0x2e CMakeFiles/MD.elf.dir/Drivers/STM32G4xx_HAL_Driver/Src/stm32g4xx_hal_rcc.c.obj
 .ARM.attributes
                0x00000295       0x2e CMakeFiles/MD.elf.dir/Drivers/STM32G4xx_HAL_Driver/Src/stm32g4xx_hal_rcc_ex.c.obj
 .ARM.attributes
                0x000002c3       0x2e CMakeFiles/MD.elf.dir/Drivers/STM32G4xx_HAL_Driver/Src/stm32g4xx_hal_tim.c.obj
 .ARM.attributes
                0x000002f1       0x2e CMakeFiles/MD.elf.dir/Drivers/STM32G4xx_HAL_Driver/Src/stm32g4xx_hal_tim_ex.c.obj
 .ARM.attributes
                0x0000031f       0x2e CMakeFiles/MD.elf.dir/Drivers/STM32G4xx_HAL_Driver/Src/stm32g4xx_hal_uart.c.obj
 .ARM.attributes
                0x0000034d       0x2e CMakeFiles/MD.elf.dir/Drivers/STM32G4xx_HAL_Driver/Src/stm32g4xx_hal_uart_ex.c.obj
 .ARM.attributes
                0x0000037b       0x1e c:/progra~2/gnuarm~1/102021~1.10/bin/../lib/gcc/arm-none-eabi/10.3.1/thumb/v7e-m/nofp\libgcc.a(_aeabi_uldivmod.o)
 .ARM.attributes
                0x00000399       0x2e c:/progra~2/gnuarm~1/102021~1.10/bin/../lib/gcc/arm-none-eabi/10.3.1/thumb/v7e-m/nofp\libgcc.a(_udivmoddi4.o)
 .ARM.attributes
                0x000003c7       0x1e c:/progra~2/gnuarm~1/102021~1.10/bin/../lib/gcc/arm-none-eabi/10.3.1/thumb/v7e-m/nofp\libgcc.a(_dvmd_tls.o)
 .ARM.attributes
                0x000003e5       0x2e c:/progra~2/gnuarm~1/102021~1.10/bin/../lib/gcc/arm-none-eabi/10.3.1/../../../../arm-none-eabi/lib/thumb/v7e-m/nofp\libg.a(lib_a-errno.o)
 .ARM.attributes
                0x00000413       0x2e c:/progra~2/gnuarm~1/102021~1.10/bin/../lib/gcc/arm-none-eabi/10.3.1/../../../../arm-none-eabi/lib/thumb/v7e-m/nofp\libg.a(lib_a-impure.o)
 .ARM.attributes
                0x00000441       0x2e c:/progra~2/gnuarm~1/102021~1.10/bin/../lib/gcc/arm-none-eabi/10.3.1/../../../../arm-none-eabi/lib/thumb/v7e-m/nofp\libg.a(lib_a-init.o)
 .ARM.attributes
                0x0000046f       0x2e c:/progra~2/gnuarm~1/102021~1.10/bin/../lib/gcc/arm-none-eabi/10.3.1/../../../../arm-none-eabi/lib/thumb/v7e-m/nofp\libg.a(lib_a-memset.o)
 .ARM.attributes
                0x0000049d       0x2e c:/progra~2/gnuarm~1/102021~1.10/bin/../lib/gcc/arm-none-eabi/10.3.1/../../../../arm-none-eabi/lib/thumb/v7e-m/nofp\libg.a(lib_a-printf.o)
 .ARM.attributes
                0x000004cb       0x2e c:/progra~2/gnuarm~1/102021~1.10/bin/../lib/gcc/arm-none-eabi/10.3.1/../../../../arm-none-eabi/lib/thumb/v7e-m/nofp\libg.a(lib_a-puts.o)
 .ARM.attributes
                0x000004f9       0x2e c:/progra~2/gnuarm~1/102021~1.10/bin/../lib/gcc/arm-none-eabi/10.3.1/../../../../arm-none-eabi/lib/thumb/v7e-m/nofp\libg.a(lib_a-setbuf.o)
 .ARM.attributes
                0x00000527       0x2e c:/progra~2/gnuarm~1/102021~1.10/bin/../lib/gcc/arm-none-eabi/10.3.1/../../../../arm-none-eabi/lib/thumb/v7e-m/nofp\libg.a(lib_a-setvbuf.o)
 .ARM.attributes
                0x00000555       0x1c c:/progra~2/gnuarm~1/102021~1.10/bin/../lib/gcc/arm-none-eabi/10.3.1/../../../../arm-none-eabi/lib/thumb/v7e-m/nofp\libg.a(lib_a-strlen.o)
 .ARM.attributes
                0x00000571       0x2e c:/progra~2/gnuarm~1/102021~1.10/bin/../lib/gcc/arm-none-eabi/10.3.1/../../../../arm-none-eabi/lib/thumb/v7e-m/nofp\libg.a(lib_a-vfprintf.o)
 .ARM.attributes
                0x0000059f       0x2e c:/progra~2/gnuarm~1/102021~1.10/bin/../lib/gcc/arm-none-eabi/10.3.1/../../../../arm-none-eabi/lib/thumb/v7e-m/nofp\libg.a(lib_a-wsetup.o)
 .ARM.attributes
                0x000005cd       0x2e c:/progra~2/gnuarm~1/102021~1.10/bin/../lib/gcc/arm-none-eabi/10.3.1/../../../../arm-none-eabi/lib/thumb/v7e-m/nofp\libg.a(lib_a-__call_atexit.o)
 .ARM.attributes
                0x000005fb       0x2e c:/progra~2/gnuarm~1/102021~1.10/bin/../lib/gcc/arm-none-eabi/10.3.1/../../../../arm-none-eabi/lib/thumb/v7e-m/nofp\libg.a(lib_a-atexit.o)
 .ARM.attributes
                0x00000629       0x2e c:/progra~2/gnuarm~1/102021~1.10/bin/../lib/gcc/arm-none-eabi/10.3.1/../../../../arm-none-eabi/lib/thumb/v7e-m/nofp\libg.a(lib_a-dtoa.o)
 .ARM.attributes
                0x00000657       0x2e c:/progra~2/gnuarm~1/102021~1.10/bin/../lib/gcc/arm-none-eabi/10.3.1/../../../../arm-none-eabi/lib/thumb/v7e-m/nofp\libg.a(lib_a-fflush.o)
 .ARM.attributes
                0x00000685       0x2e c:/progra~2/gnuarm~1/102021~1.10/bin/../lib/gcc/arm-none-eabi/10.3.1/../../../../arm-none-eabi/lib/thumb/v7e-m/nofp\libg.a(lib_a-findfp.o)
 .ARM.attributes
                0x000006b3       0x2e c:/progra~2/gnuarm~1/102021~1.10/bin/../lib/gcc/arm-none-eabi/10.3.1/../../../../arm-none-eabi/lib/thumb/v7e-m/nofp\libg.a(lib_a-fini.o)
 .ARM.attributes
                0x000006e1       0x2e c:/progra~2/gnuarm~1/102021~1.10/bin/../lib/gcc/arm-none-eabi/10.3.1/../../../../arm-none-eabi/lib/thumb/v7e-m/nofp\libg.a(lib_a-freer.o)
 .ARM.attributes
                0x0000070f       0x2e c:/progra~2/gnuarm~1/102021~1.10/bin/../lib/gcc/arm-none-eabi/10.3.1/../../../../arm-none-eabi/lib/thumb/v7e-m/nofp\libg.a(lib_a-fvwrite.o)
 .ARM.attributes
                0x0000073d       0x2e c:/progra~2/gnuarm~1/102021~1.10/bin/../lib/gcc/arm-none-eabi/10.3.1/../../../../arm-none-eabi/lib/thumb/v7e-m/nofp\libg.a(lib_a-fwalk.o)
 .ARM.attributes
                0x0000076b       0x2e c:/progra~2/gnuarm~1/102021~1.10/bin/../lib/gcc/arm-none-eabi/10.3.1/../../../../arm-none-eabi/lib/thumb/v7e-m/nofp\libg.a(lib_a-localeconv.o)
 .ARM.attributes
                0x00000799       0x2e c:/progra~2/gnuarm~1/102021~1.10/bin/../lib/gcc/arm-none-eabi/10.3.1/../../../../arm-none-eabi/lib/thumb/v7e-m/nofp\libg.a(lib_a-lock.o)
 .ARM.attributes
                0x000007c7       0x2e c:/progra~2/gnuarm~1/102021~1.10/bin/../lib/gcc/arm-none-eabi/10.3.1/../../../../arm-none-eabi/lib/thumb/v7e-m/nofp\libg.a(lib_a-makebuf.o)
 .ARM.attributes
                0x000007f5       0x2e c:/progra~2/gnuarm~1/102021~1.10/bin/../lib/gcc/arm-none-eabi/10.3.1/../../../../arm-none-eabi/lib/thumb/v7e-m/nofp\libg.a(lib_a-malloc.o)
 .ARM.attributes
                0x00000823       0x2e c:/progra~2/gnuarm~1/102021~1.10/bin/../lib/gcc/arm-none-eabi/10.3.1/../../../../arm-none-eabi/lib/thumb/v7e-m/nofp\libg.a(lib_a-mallocr.o)
 .ARM.attributes
                0x00000851       0x1c c:/progra~2/gnuarm~1/102021~1.10/bin/../lib/gcc/arm-none-eabi/10.3.1/../../../../arm-none-eabi/lib/thumb/v7e-m/nofp\libg.a(lib_a-memchr.o)
 .ARM.attributes
                0x0000086d       0x1c c:/progra~2/gnuarm~1/102021~1.10/bin/../lib/gcc/arm-none-eabi/10.3.1/../../../../arm-none-eabi/lib/thumb/v7e-m/nofp\libg.a(lib_a-memcpy.o)
 .ARM.attributes
                0x00000889       0x2e c:/progra~2/gnuarm~1/102021~1.10/bin/../lib/gcc/arm-none-eabi/10.3.1/../../../../arm-none-eabi/lib/thumb/v7e-m/nofp\libg.a(lib_a-memmove.o)
 .ARM.attributes
                0x000008b7       0x2e c:/progra~2/gnuarm~1/102021~1.10/bin/../lib/gcc/arm-none-eabi/10.3.1/../../../../arm-none-eabi/lib/thumb/v7e-m/nofp\libg.a(lib_a-mlock.o)
 .ARM.attributes
                0x000008e5       0x2e c:/progra~2/gnuarm~1/102021~1.10/bin/../lib/gcc/arm-none-eabi/10.3.1/../../../../arm-none-eabi/lib/thumb/v7e-m/nofp\libg.a(lib_a-mprec.o)
 .ARM.attributes
                0x00000913       0x2e c:/progra~2/gnuarm~1/102021~1.10/bin/../lib/gcc/arm-none-eabi/10.3.1/../../../../arm-none-eabi/lib/thumb/v7e-m/nofp\libg.a(lib_a-reallocr.o)
 .ARM.attributes
                0x00000941       0x2e c:/progra~2/gnuarm~1/102021~1.10/bin/../lib/gcc/arm-none-eabi/10.3.1/../../../../arm-none-eabi/lib/thumb/v7e-m/nofp\libg.a(lib_a-s_frexp.o)
 .ARM.attributes
                0x0000096f       0x2e c:/progra~2/gnuarm~1/102021~1.10/bin/../lib/gcc/arm-none-eabi/10.3.1/../../../../arm-none-eabi/lib/thumb/v7e-m/nofp\libg.a(lib_a-sbrkr.o)
 .ARM.attributes
                0x0000099d       0x2e c:/progra~2/gnuarm~1/102021~1.10/bin/../lib/gcc/arm-none-eabi/10.3.1/../../../../arm-none-eabi/lib/thumb/v7e-m/nofp\libg.a(lib_a-stdio.o)
 .ARM.attributes
                0x000009cb       0x2e c:/progra~2/gnuarm~1/102021~1.10/bin/../lib/gcc/arm-none-eabi/10.3.1/../../../../arm-none-eabi/lib/thumb/v7e-m/nofp\libg.a(lib_a-strncpy.o)
 .ARM.attributes
                0x000009f9       0x2e c:/progra~2/gnuarm~1/102021~1.10/bin/../lib/gcc/arm-none-eabi/10.3.1/../../../../arm-none-eabi/lib/thumb/v7e-m/nofp\libg.a(lib_a-vfiprintf.o)
 .ARM.attributes
                0x00000a27       0x2e c:/progra~2/gnuarm~1/102021~1.10/bin/../lib/gcc/arm-none-eabi/10.3.1/../../../../arm-none-eabi/lib/thumb/v7e-m/nofp\libg.a(lib_a-writer.o)
 .ARM.attributes
                0x00000a55       0x2e c:/progra~2/gnuarm~1/102021~1.10/bin/../lib/gcc/arm-none-eabi/10.3.1/../../../../arm-none-eabi/lib/thumb/v7e-m/nofp\libg.a(lib_a-__atexit.o)
 .ARM.attributes
                0x00000a83       0x2e c:/progra~2/gnuarm~1/102021~1.10/bin/../lib/gcc/arm-none-eabi/10.3.1/../../../../arm-none-eabi/lib/thumb/v7e-m/nofp\libg.a(lib_a-assert.o)
 .ARM.attributes
                0x00000ab1       0x2e c:/progra~2/gnuarm~1/102021~1.10/bin/../lib/gcc/arm-none-eabi/10.3.1/../../../../arm-none-eabi/lib/thumb/v7e-m/nofp\libg.a(lib_a-callocr.o)
 .ARM.attributes
                0x00000adf       0x2e c:/progra~2/gnuarm~1/102021~1.10/bin/../lib/gcc/arm-none-eabi/10.3.1/../../../../arm-none-eabi/lib/thumb/v7e-m/nofp\libg.a(lib_a-closer.o)
 .ARM.attributes
                0x00000b0d       0x2e c:/progra~2/gnuarm~1/102021~1.10/bin/../lib/gcc/arm-none-eabi/10.3.1/../../../../arm-none-eabi/lib/thumb/v7e-m/nofp\libg.a(lib_a-fclose.o)
 .ARM.attributes
                0x00000b3b       0x2e c:/progra~2/gnuarm~1/102021~1.10/bin/../lib/gcc/arm-none-eabi/10.3.1/../../../../arm-none-eabi/lib/thumb/v7e-m/nofp\libg.a(lib_a-fiprintf.o)
 .ARM.attributes
                0x00000b69       0x2e c:/progra~2/gnuarm~1/102021~1.10/bin/../lib/gcc/arm-none-eabi/10.3.1/../../../../arm-none-eabi/lib/thumb/v7e-m/nofp\libg.a(lib_a-fputwc.o)
 .ARM.attributes
                0x00000b97       0x2e c:/progra~2/gnuarm~1/102021~1.10/bin/../lib/gcc/arm-none-eabi/10.3.1/../../../../arm-none-eabi/lib/thumb/v7e-m/nofp\libg.a(lib_a-fstatr.o)
 .ARM.attributes
                0x00000bc5       0x2e c:/progra~2/gnuarm~1/102021~1.10/bin/../lib/gcc/arm-none-eabi/10.3.1/../../../../arm-none-eabi/lib/thumb/v7e-m/nofp\libg.a(lib_a-isattyr.o)
 .ARM.attributes
                0x00000bf3       0x2e c:/progra~2/gnuarm~1/102021~1.10/bin/../lib/gcc/arm-none-eabi/10.3.1/../../../../arm-none-eabi/lib/thumb/v7e-m/nofp\libg.a(lib_a-locale.o)
 .ARM.attributes
                0x00000c21       0x2e c:/progra~2/gnuarm~1/102021~1.10/bin/../lib/gcc/arm-none-eabi/10.3.1/../../../../arm-none-eabi/lib/thumb/v7e-m/nofp\libg.a(lib_a-lseekr.o)
 .ARM.attributes
                0x00000c4f       0x2e c:/progra~2/gnuarm~1/102021~1.10/bin/../lib/gcc/arm-none-eabi/10.3.1/../../../../arm-none-eabi/lib/thumb/v7e-m/nofp\libg.a(lib_a-mbtowc_r.o)
 .ARM.attributes
                0x00000c7d       0x2e c:/progra~2/gnuarm~1/102021~1.10/bin/../lib/gcc/arm-none-eabi/10.3.1/../../../../arm-none-eabi/lib/thumb/v7e-m/nofp\libg.a(lib_a-readr.o)
 .ARM.attributes
                0x00000cab       0x2e c:/progra~2/gnuarm~1/102021~1.10/bin/../lib/gcc/arm-none-eabi/10.3.1/../../../../arm-none-eabi/lib/thumb/v7e-m/nofp\libg.a(lib_a-reent.o)
 .ARM.attributes
                0x00000cd9       0x2e c:/progra~2/gnuarm~1/102021~1.10/bin/../lib/gcc/arm-none-eabi/10.3.1/../../../../arm-none-eabi/lib/thumb/v7e-m/nofp\libg.a(lib_a-wbuf.o)
 .ARM.attributes
                0x00000d07       0x2e c:/progra~2/gnuarm~1/102021~1.10/bin/../lib/gcc/arm-none-eabi/10.3.1/../../../../arm-none-eabi/lib/thumb/v7e-m/nofp\libg.a(lib_a-wcrtomb.o)
 .ARM.attributes
                0x00000d35       0x2e c:/progra~2/gnuarm~1/102021~1.10/bin/../lib/gcc/arm-none-eabi/10.3.1/../../../../arm-none-eabi/lib/thumb/v7e-m/nofp\libg.a(lib_a-wctomb_r.o)
 .ARM.attributes
                0x00000d63       0x2e c:/progra~2/gnuarm~1/102021~1.10/bin/../lib/gcc/arm-none-eabi/10.3.1/../../../../arm-none-eabi/lib/thumb/v7e-m/nofp\libg.a(lib_a-abort.o)
 .ARM.attributes
                0x00000d91       0x2e c:/progra~2/gnuarm~1/102021~1.10/bin/../lib/gcc/arm-none-eabi/10.3.1/../../../../arm-none-eabi/lib/thumb/v7e-m/nofp\libg.a(lib_a-ctype_.o)
 .ARM.attributes
                0x00000dbf       0x2e c:/progra~2/gnuarm~1/102021~1.10/bin/../lib/gcc/arm-none-eabi/10.3.1/../../../../arm-none-eabi/lib/thumb/v7e-m/nofp\libg.a(lib_a-signal.o)
 .ARM.attributes
                0x00000ded       0x2e c:/progra~2/gnuarm~1/102021~1.10/bin/../lib/gcc/arm-none-eabi/10.3.1/../../../../arm-none-eabi/lib/thumb/v7e-m/nofp\libg.a(lib_a-signalr.o)
 .ARM.attributes
                0x00000e1b       0x1e c:/progra~2/gnuarm~1/102021~1.10/bin/../lib/gcc/arm-none-eabi/10.3.1/thumb/v7e-m/nofp\libgcc.a(_arm_addsubdf3.o)
 .ARM.attributes
                0x00000e39       0x1e c:/progra~2/gnuarm~1/102021~1.10/bin/../lib/gcc/arm-none-eabi/10.3.1/thumb/v7e-m/nofp\libgcc.a(_arm_muldivdf3.o)
 .ARM.attributes
                0x00000e57       0x1e c:/progra~2/gnuarm~1/102021~1.10/bin/../lib/gcc/arm-none-eabi/10.3.1/thumb/v7e-m/nofp\libgcc.a(_arm_cmpdf2.o)
 .ARM.attributes
                0x00000e75       0x1e c:/progra~2/gnuarm~1/102021~1.10/bin/../lib/gcc/arm-none-eabi/10.3.1/thumb/v7e-m/nofp\libgcc.a(_arm_unorddf2.o)
 .ARM.attributes
                0x00000e93       0x1e c:/progra~2/gnuarm~1/102021~1.10/bin/../lib/gcc/arm-none-eabi/10.3.1/thumb/v7e-m/nofp\libgcc.a(_arm_fixdfsi.o)
 .ARM.attributes
                0x00000eb1       0x1e c:/progra~2/gnuarm~1/102021~1.10/bin/../lib/gcc/arm-none-eabi/10.3.1/thumb/v7e-m/nofp/crtn.o
OUTPUT(MD.elf elf32-littlearm)
LOAD linker stubs
LOAD c:/progra~2/gnuarm~1/102021~1.10/bin/../lib/gcc/arm-none-eabi/10.3.1/../../../../arm-none-eabi/lib/thumb/v7e-m/nofp\libc.a
LOAD c:/progra~2/gnuarm~1/102021~1.10/bin/../lib/gcc/arm-none-eabi/10.3.1/../../../../arm-none-eabi/lib/thumb/v7e-m/nofp\libm.a
LOAD c:/progra~2/gnuarm~1/102021~1.10/bin/../lib/gcc/arm-none-eabi/10.3.1/thumb/v7e-m/nofp\libgcc.a

.debug_info     0x00000000    0x1861c
 .debug_info    0x00000000     0x25e6 CMakeFiles/MD.elf.dir/Core/Src/main.c.obj
 .debug_info    0x000025e6     0x160e CMakeFiles/MD.elf.dir/Core/Src/stm32g4xx_hal_msp.c.obj
 .debug_info    0x00003bf4      0xe51 CMakeFiles/MD.elf.dir/Core/Src/stm32g4xx_hal_timebase_tim.c.obj
 .debug_info    0x00004a45      0x949 CMakeFiles/MD.elf.dir/Core/Src/stm32g4xx_it.c.obj
 .debug_info    0x0000538e      0x7af CMakeFiles/MD.elf.dir/Core/Src/syscalls.c.obj
 .debug_info    0x00005b3d      0x174 CMakeFiles/MD.elf.dir/Core/Src/sysmem.c.obj
 .debug_info    0x00005cb1      0x3f9 CMakeFiles/MD.elf.dir/Core/Src/system_stm32g4xx.c.obj
 .debug_info    0x000060aa       0x22 CMakeFiles/MD.elf.dir/Core/Startup/startup_stm32g431kbtx.s.obj
 .debug_info    0x000060cc      0xb73 CMakeFiles/MD.elf.dir/Drivers/STM32G4xx_HAL_Driver/Src/stm32g4xx_hal.c.obj
 .debug_info    0x00006c3f     0x1041 CMakeFiles/MD.elf.dir/Drivers/STM32G4xx_HAL_Driver/Src/stm32g4xx_hal_cortex.c.obj
 .debug_info    0x00007c80      0x865 CMakeFiles/MD.elf.dir/Drivers/STM32G4xx_HAL_Driver/Src/stm32g4xx_hal_gpio.c.obj
 .debug_info    0x000084e5      0xa07 CMakeFiles/MD.elf.dir/Drivers/STM32G4xx_HAL_Driver/Src/stm32g4xx_hal_pwr_ex.c.obj
 .debug_info    0x00008eec      0xe96 CMakeFiles/MD.elf.dir/Drivers/STM32G4xx_HAL_Driver/Src/stm32g4xx_hal_rcc.c.obj
 .debug_info    0x00009d82      0xecf CMakeFiles/MD.elf.dir/Drivers/STM32G4xx_HAL_Driver/Src/stm32g4xx_hal_rcc_ex.c.obj
 .debug_info    0x0000ac51     0x40a4 CMakeFiles/MD.elf.dir/Drivers/STM32G4xx_HAL_Driver/Src/stm32g4xx_hal_tim.c.obj
 .debug_info    0x0000ecf5     0x250e CMakeFiles/MD.elf.dir/Drivers/STM32G4xx_HAL_Driver/Src/stm32g4xx_hal_tim_ex.c.obj
 .debug_info    0x00011203     0x61e5 CMakeFiles/MD.elf.dir/Drivers/STM32G4xx_HAL_Driver/Src/stm32g4xx_hal_uart.c.obj
 .debug_info    0x000173e8     0x1234 CMakeFiles/MD.elf.dir/Drivers/STM32G4xx_HAL_Driver/Src/stm32g4xx_hal_uart_ex.c.obj

.debug_abbrev   0x00000000     0x2709
 .debug_abbrev  0x00000000      0x3cc CMakeFiles/MD.elf.dir/Core/Src/main.c.obj
 .debug_abbrev  0x000003cc      0x260 CMakeFiles/MD.elf.dir/Core/Src/stm32g4xx_hal_msp.c.obj
 .debug_abbrev  0x0000062c      0x230 CMakeFiles/MD.elf.dir/Core/Src/stm32g4xx_hal_timebase_tim.c.obj
 .debug_abbrev  0x0000085c      0x1c1 CMakeFiles/MD.elf.dir/Core/Src/stm32g4xx_it.c.obj
 .debug_abbrev  0x00000a1d      0x1a3 CMakeFiles/MD.elf.dir/Core/Src/syscalls.c.obj
 .debug_abbrev  0x00000bc0       0xe7 CMakeFiles/MD.elf.dir/Core/Src/sysmem.c.obj
 .debug_abbrev  0x00000ca7      0x119 CMakeFiles/MD.elf.dir/Core/Src/system_stm32g4xx.c.obj
 .debug_abbrev  0x00000dc0       0x12 CMakeFiles/MD.elf.dir/Core/Startup/startup_stm32g431kbtx.s.obj
 .debug_abbrev  0x00000dd2      0x23e CMakeFiles/MD.elf.dir/Drivers/STM32G4xx_HAL_Driver/Src/stm32g4xx_hal.c.obj
 .debug_abbrev  0x00001010      0x361 CMakeFiles/MD.elf.dir/Drivers/STM32G4xx_HAL_Driver/Src/stm32g4xx_hal_cortex.c.obj
 .debug_abbrev  0x00001371      0x1e6 CMakeFiles/MD.elf.dir/Drivers/STM32G4xx_HAL_Driver/Src/stm32g4xx_hal_gpio.c.obj
 .debug_abbrev  0x00001557      0x245 CMakeFiles/MD.elf.dir/Drivers/STM32G4xx_HAL_Driver/Src/stm32g4xx_hal_pwr_ex.c.obj
 .debug_abbrev  0x0000179c      0x26f CMakeFiles/MD.elf.dir/Drivers/STM32G4xx_HAL_Driver/Src/stm32g4xx_hal_rcc.c.obj
 .debug_abbrev  0x00001a0b      0x243 CMakeFiles/MD.elf.dir/Drivers/STM32G4xx_HAL_Driver/Src/stm32g4xx_hal_rcc_ex.c.obj
 .debug_abbrev  0x00001c4e      0x25c CMakeFiles/MD.elf.dir/Drivers/STM32G4xx_HAL_Driver/Src/stm32g4xx_hal_tim.c.obj
 .debug_abbrev  0x00001eaa      0x272 CMakeFiles/MD.elf.dir/Drivers/STM32G4xx_HAL_Driver/Src/stm32g4xx_hal_tim_ex.c.obj
 .debug_abbrev  0x0000211c      0x306 CMakeFiles/MD.elf.dir/Drivers/STM32G4xx_HAL_Driver/Src/stm32g4xx_hal_uart.c.obj
 .debug_abbrev  0x00002422      0x2e7 CMakeFiles/MD.elf.dir/Drivers/STM32G4xx_HAL_Driver/Src/stm32g4xx_hal_uart_ex.c.obj

.debug_loc      0x00000000    0x12400
 .debug_loc     0x00000000      0x118 CMakeFiles/MD.elf.dir/Core/Src/main.c.obj
 .debug_loc     0x00000118      0x1c8 CMakeFiles/MD.elf.dir/Core/Src/stm32g4xx_hal_msp.c.obj
 .debug_loc     0x000002e0       0xc2 CMakeFiles/MD.elf.dir/Core/Src/stm32g4xx_hal_timebase_tim.c.obj
 .debug_loc     0x000003a2      0x3c5 CMakeFiles/MD.elf.dir/Core/Src/syscalls.c.obj
 .debug_loc     0x00000767       0x64 CMakeFiles/MD.elf.dir/Core/Src/sysmem.c.obj
 .debug_loc     0x000007cb       0x9d CMakeFiles/MD.elf.dir/Core/Src/system_stm32g4xx.c.obj
 .debug_loc     0x00000868      0x1ef CMakeFiles/MD.elf.dir/Drivers/STM32G4xx_HAL_Driver/Src/stm32g4xx_hal.c.obj
 .debug_loc     0x00000a57      0x736 CMakeFiles/MD.elf.dir/Drivers/STM32G4xx_HAL_Driver/Src/stm32g4xx_hal_cortex.c.obj
 .debug_loc     0x0000118d      0x3b3 CMakeFiles/MD.elf.dir/Drivers/STM32G4xx_HAL_Driver/Src/stm32g4xx_hal_gpio.c.obj
 .debug_loc     0x00001540      0xa06 CMakeFiles/MD.elf.dir/Drivers/STM32G4xx_HAL_Driver/Src/stm32g4xx_hal_pwr_ex.c.obj
 .debug_loc     0x00001f46      0x84d CMakeFiles/MD.elf.dir/Drivers/STM32G4xx_HAL_Driver/Src/stm32g4xx_hal_rcc.c.obj
 .debug_loc     0x00002793     0x11a5 CMakeFiles/MD.elf.dir/Drivers/STM32G4xx_HAL_Driver/Src/stm32g4xx_hal_rcc_ex.c.obj
 .debug_loc     0x00003938     0x57ca CMakeFiles/MD.elf.dir/Drivers/STM32G4xx_HAL_Driver/Src/stm32g4xx_hal_tim.c.obj
 .debug_loc     0x00009102     0x2acf CMakeFiles/MD.elf.dir/Drivers/STM32G4xx_HAL_Driver/Src/stm32g4xx_hal_tim_ex.c.obj
 .debug_loc     0x0000bbd1     0x5bec CMakeFiles/MD.elf.dir/Drivers/STM32G4xx_HAL_Driver/Src/stm32g4xx_hal_uart.c.obj
 .debug_loc     0x000117bd      0xc43 CMakeFiles/MD.elf.dir/Drivers/STM32G4xx_HAL_Driver/Src/stm32g4xx_hal_uart_ex.c.obj

.debug_aranges  0x00000000     0x1048
 .debug_aranges
                0x00000000       0x70 CMakeFiles/MD.elf.dir/Core/Src/main.c.obj
 .debug_aranges
                0x00000070       0x58 CMakeFiles/MD.elf.dir/Core/Src/stm32g4xx_hal_msp.c.obj
 .debug_aranges
                0x000000c8       0x30 CMakeFiles/MD.elf.dir/Core/Src/stm32g4xx_hal_timebase_tim.c.obj
 .debug_aranges
                0x000000f8       0x78 CMakeFiles/MD.elf.dir/Core/Src/stm32g4xx_it.c.obj
 .debug_aranges
                0x00000170       0xa8 CMakeFiles/MD.elf.dir/Core/Src/syscalls.c.obj
 .debug_aranges
                0x00000218       0x20 CMakeFiles/MD.elf.dir/Core/Src/sysmem.c.obj
 .debug_aranges
                0x00000238       0x28 CMakeFiles/MD.elf.dir/Core/Src/system_stm32g4xx.c.obj
 .debug_aranges
                0x00000260       0x28 CMakeFiles/MD.elf.dir/Core/Startup/startup_stm32g431kbtx.s.obj
 .debug_aranges
                0x00000288      0x130 CMakeFiles/MD.elf.dir/Drivers/STM32G4xx_HAL_Driver/Src/stm32g4xx_hal.c.obj
 .debug_aranges
                0x000003b8       0xa8 CMakeFiles/MD.elf.dir/Drivers/STM32G4xx_HAL_Driver/Src/stm32g4xx_hal_cortex.c.obj
 .debug_aranges
                0x00000460       0x58 CMakeFiles/MD.elf.dir/Drivers/STM32G4xx_HAL_Driver/Src/stm32g4xx_hal_gpio.c.obj
 .debug_aranges
                0x000004b8      0x140 CMakeFiles/MD.elf.dir/Drivers/STM32G4xx_HAL_Driver/Src/stm32g4xx_hal_pwr_ex.c.obj
 .debug_aranges
                0x000005f8       0x98 CMakeFiles/MD.elf.dir/Drivers/STM32G4xx_HAL_Driver/Src/stm32g4xx_hal_rcc.c.obj
 .debug_aranges
                0x00000690       0xb0 CMakeFiles/MD.elf.dir/Drivers/STM32G4xx_HAL_Driver/Src/stm32g4xx_hal_rcc_ex.c.obj
 .debug_aranges
                0x00000740      0x3e0 CMakeFiles/MD.elf.dir/Drivers/STM32G4xx_HAL_Driver/Src/stm32g4xx_hal_tim.c.obj
 .debug_aranges
                0x00000b20      0x240 CMakeFiles/MD.elf.dir/Drivers/STM32G4xx_HAL_Driver/Src/stm32g4xx_hal_tim_ex.c.obj
 .debug_aranges
                0x00000d60      0x248 CMakeFiles/MD.elf.dir/Drivers/STM32G4xx_HAL_Driver/Src/stm32g4xx_hal_uart.c.obj
 .debug_aranges
                0x00000fa8       0xa0 CMakeFiles/MD.elf.dir/Drivers/STM32G4xx_HAL_Driver/Src/stm32g4xx_hal_uart_ex.c.obj

.debug_ranges   0x00000000      0xfd8
 .debug_ranges  0x00000000       0x78 CMakeFiles/MD.elf.dir/Core/Src/main.c.obj
 .debug_ranges  0x00000078       0x48 CMakeFiles/MD.elf.dir/Core/Src/stm32g4xx_hal_msp.c.obj
 .debug_ranges  0x000000c0       0x20 CMakeFiles/MD.elf.dir/Core/Src/stm32g4xx_hal_timebase_tim.c.obj
 .debug_ranges  0x000000e0       0x68 CMakeFiles/MD.elf.dir/Core/Src/stm32g4xx_it.c.obj
 .debug_ranges  0x00000148       0x98 CMakeFiles/MD.elf.dir/Core/Src/syscalls.c.obj
 .debug_ranges  0x000001e0       0x10 CMakeFiles/MD.elf.dir/Core/Src/sysmem.c.obj
 .debug_ranges  0x000001f0       0x18 CMakeFiles/MD.elf.dir/Core/Src/system_stm32g4xx.c.obj
 .debug_ranges  0x00000208       0x20 CMakeFiles/MD.elf.dir/Core/Startup/startup_stm32g431kbtx.s.obj
 .debug_ranges  0x00000228      0x120 CMakeFiles/MD.elf.dir/Drivers/STM32G4xx_HAL_Driver/Src/stm32g4xx_hal.c.obj
 .debug_ranges  0x00000348       0xf8 CMakeFiles/MD.elf.dir/Drivers/STM32G4xx_HAL_Driver/Src/stm32g4xx_hal_cortex.c.obj
 .debug_ranges  0x00000440       0x48 CMakeFiles/MD.elf.dir/Drivers/STM32G4xx_HAL_Driver/Src/stm32g4xx_hal_gpio.c.obj
 .debug_ranges  0x00000488      0x130 CMakeFiles/MD.elf.dir/Drivers/STM32G4xx_HAL_Driver/Src/stm32g4xx_hal_pwr_ex.c.obj
 .debug_ranges  0x000005b8       0xa0 CMakeFiles/MD.elf.dir/Drivers/STM32G4xx_HAL_Driver/Src/stm32g4xx_hal_rcc.c.obj
 .debug_ranges  0x00000658       0xb8 CMakeFiles/MD.elf.dir/Drivers/STM32G4xx_HAL_Driver/Src/stm32g4xx_hal_rcc_ex.c.obj
 .debug_ranges  0x00000710      0x3d0 CMakeFiles/MD.elf.dir/Drivers/STM32G4xx_HAL_Driver/Src/stm32g4xx_hal_tim.c.obj
 .debug_ranges  0x00000ae0      0x230 CMakeFiles/MD.elf.dir/Drivers/STM32G4xx_HAL_Driver/Src/stm32g4xx_hal_tim_ex.c.obj
 .debug_ranges  0x00000d10      0x238 CMakeFiles/MD.elf.dir/Drivers/STM32G4xx_HAL_Driver/Src/stm32g4xx_hal_uart.c.obj